Archive member included to satisfy reference by file (symbol)

C:/ST/STM32CubeIDE_1.13.2/STM32CubeIDE/plugins/com.st.stm32cube.ide.mcu.externaltools.gnu-tools-for-stm32.11.3.rel1.win32_1.1.100.202309141235/tools/bin/../lib/gcc/arm-none-eabi/11.3.1/../../../../arm-none-eabi/lib/thumb/v8-m.main+fp/hard\libc_nano.a(libc_a-exit.o)
                              C:/ST/STM32CubeIDE_1.13.2/STM32CubeIDE/plugins/com.st.stm32cube.ide.mcu.externaltools.gnu-tools-for-stm32.11.3.rel1.win32_1.1.100.202309141235/tools/bin/../lib/gcc/arm-none-eabi/11.3.1/../../../../arm-none-eabi/lib/thumb/v8-m.main+fp/hard/crt0.o (exit)
C:/ST/STM32CubeIDE_1.13.2/STM32CubeIDE/plugins/com.st.stm32cube.ide.mcu.externaltools.gnu-tools-for-stm32.11.3.rel1.win32_1.1.100.202309141235/tools/bin/../lib/gcc/arm-none-eabi/11.3.1/../../../../arm-none-eabi/lib/thumb/v8-m.main+fp/hard\libc_nano.a(libc_a-findfp.o)
                              C:/ST/STM32CubeIDE_1.13.2/STM32CubeIDE/plugins/com.st.stm32cube.ide.mcu.externaltools.gnu-tools-for-stm32.11.3.rel1.win32_1.1.100.202309141235/tools/bin/../lib/gcc/arm-none-eabi/11.3.1/../../../../arm-none-eabi/lib/thumb/v8-m.main+fp/hard\libc_nano.a(libc_a-exit.o) (__stdio_exit_handler)
C:/ST/STM32CubeIDE_1.13.2/STM32CubeIDE/plugins/com.st.stm32cube.ide.mcu.externaltools.gnu-tools-for-stm32.11.3.rel1.win32_1.1.100.202309141235/tools/bin/../lib/gcc/arm-none-eabi/11.3.1/../../../../arm-none-eabi/lib/thumb/v8-m.main+fp/hard\libc_nano.a(libc_a-fwalk.o)
                              C:/ST/STM32CubeIDE_1.13.2/STM32CubeIDE/plugins/com.st.stm32cube.ide.mcu.externaltools.gnu-tools-for-stm32.11.3.rel1.win32_1.1.100.202309141235/tools/bin/../lib/gcc/arm-none-eabi/11.3.1/../../../../arm-none-eabi/lib/thumb/v8-m.main+fp/hard\libc_nano.a(libc_a-findfp.o) (_fwalk_sglue)
C:/ST/STM32CubeIDE_1.13.2/STM32CubeIDE/plugins/com.st.stm32cube.ide.mcu.externaltools.gnu-tools-for-stm32.11.3.rel1.win32_1.1.100.202309141235/tools/bin/../lib/gcc/arm-none-eabi/11.3.1/../../../../arm-none-eabi/lib/thumb/v8-m.main+fp/hard\libc_nano.a(libc_a-stdio.o)
                              C:/ST/STM32CubeIDE_1.13.2/STM32CubeIDE/plugins/com.st.stm32cube.ide.mcu.externaltools.gnu-tools-for-stm32.11.3.rel1.win32_1.1.100.202309141235/tools/bin/../lib/gcc/arm-none-eabi/11.3.1/../../../../arm-none-eabi/lib/thumb/v8-m.main+fp/hard\libc_nano.a(libc_a-findfp.o) (__sread)
C:/ST/STM32CubeIDE_1.13.2/STM32CubeIDE/plugins/com.st.stm32cube.ide.mcu.externaltools.gnu-tools-for-stm32.11.3.rel1.win32_1.1.100.202309141235/tools/bin/../lib/gcc/arm-none-eabi/11.3.1/../../../../arm-none-eabi/lib/thumb/v8-m.main+fp/hard\libc_nano.a(libc_a-memset.o)
                              C:/ST/STM32CubeIDE_1.13.2/STM32CubeIDE/plugins/com.st.stm32cube.ide.mcu.externaltools.gnu-tools-for-stm32.11.3.rel1.win32_1.1.100.202309141235/tools/bin/../lib/gcc/arm-none-eabi/11.3.1/../../../../arm-none-eabi/lib/thumb/v8-m.main+fp/hard/crt0.o (memset)
C:/ST/STM32CubeIDE_1.13.2/STM32CubeIDE/plugins/com.st.stm32cube.ide.mcu.externaltools.gnu-tools-for-stm32.11.3.rel1.win32_1.1.100.202309141235/tools/bin/../lib/gcc/arm-none-eabi/11.3.1/../../../../arm-none-eabi/lib/thumb/v8-m.main+fp/hard\libc_nano.a(libc_a-closer.o)
                              C:/ST/STM32CubeIDE_1.13.2/STM32CubeIDE/plugins/com.st.stm32cube.ide.mcu.externaltools.gnu-tools-for-stm32.11.3.rel1.win32_1.1.100.202309141235/tools/bin/../lib/gcc/arm-none-eabi/11.3.1/../../../../arm-none-eabi/lib/thumb/v8-m.main+fp/hard\libc_nano.a(libc_a-stdio.o) (_close_r)
C:/ST/STM32CubeIDE_1.13.2/STM32CubeIDE/plugins/com.st.stm32cube.ide.mcu.externaltools.gnu-tools-for-stm32.11.3.rel1.win32_1.1.100.202309141235/tools/bin/../lib/gcc/arm-none-eabi/11.3.1/../../../../arm-none-eabi/lib/thumb/v8-m.main+fp/hard\libc_nano.a(libc_a-reent.o)
                              C:/ST/STM32CubeIDE_1.13.2/STM32CubeIDE/plugins/com.st.stm32cube.ide.mcu.externaltools.gnu-tools-for-stm32.11.3.rel1.win32_1.1.100.202309141235/tools/bin/../lib/gcc/arm-none-eabi/11.3.1/../../../../arm-none-eabi/lib/thumb/v8-m.main+fp/hard\libc_nano.a(libc_a-closer.o) (errno)
C:/ST/STM32CubeIDE_1.13.2/STM32CubeIDE/plugins/com.st.stm32cube.ide.mcu.externaltools.gnu-tools-for-stm32.11.3.rel1.win32_1.1.100.202309141235/tools/bin/../lib/gcc/arm-none-eabi/11.3.1/../../../../arm-none-eabi/lib/thumb/v8-m.main+fp/hard\libc_nano.a(libc_a-impure.o)
                              C:/ST/STM32CubeIDE_1.13.2/STM32CubeIDE/plugins/com.st.stm32cube.ide.mcu.externaltools.gnu-tools-for-stm32.11.3.rel1.win32_1.1.100.202309141235/tools/bin/../lib/gcc/arm-none-eabi/11.3.1/../../../../arm-none-eabi/lib/thumb/v8-m.main+fp/hard\libc_nano.a(libc_a-reent.o) (_impure_ptr)
C:/ST/STM32CubeIDE_1.13.2/STM32CubeIDE/plugins/com.st.stm32cube.ide.mcu.externaltools.gnu-tools-for-stm32.11.3.rel1.win32_1.1.100.202309141235/tools/bin/../lib/gcc/arm-none-eabi/11.3.1/../../../../arm-none-eabi/lib/thumb/v8-m.main+fp/hard\libc_nano.a(libc_a-lseekr.o)
[...]
Memory Configuration

Name             Origin             Length             Attributes
RAM              0x0000000020000000 0x0000000000040000 xrw
SRAM4            0x0000000028000000 0x0000000000004000 xrw
FLASH            0x0000000008000000 0x0000000000080000 xr
*default*        0x0000000000000000 0xffffffffffffffff

Linker script and memory map

LOAD C:/ST/STM32CubeIDE_1.13.2/STM32CubeIDE/plugins/com.st.stm32cube.ide.mcu.externaltools.gnu-tools-for-stm32.11.3.rel1.win32_1.1.100.202309141235/tools/bin/../lib/gcc/arm-none-eabi/11.3.1/thumb/v8-m.main+fp/hard/crti.o
LOAD C:/ST/STM32CubeIDE_1.13.2/STM32CubeIDE/plugins/com.st.stm32cube.ide.mcu.externaltools.gnu-tools-for-stm32.11.3.rel1.win32_1.1.100.202309141235/tools/bin/../lib/gcc/arm-none-eabi/11.3.1/thumb/v8-m.main+fp/hard/crtbegin.o
LOAD C:/ST/STM32CubeIDE_1.13.2/STM32CubeIDE/plugins/com.st.stm32cube.ide.mcu.externaltools.gnu-tools-for-stm32.11.3.rel1.win32_1.1.100.202309141235/tools/bin/../lib/gcc/arm-none-eabi/11.3.1/../../../../arm-none-eabi/lib/thumb/v8-m.main+fp/hard/crt0.o
LOAD ./Core/Src/main.o
LOAD ./Core/Src/stm32u5xx_hal_msp.o
LOAD ./Core/Src/stm32u5xx_it.o
LOAD ./Core/Src/syscalls.o
LOAD ./Core/Src/sysmem.o
LOAD ./Core/Src/system_stm32u5xx.o
LOAD ./Core/Startup/startup_stm32u535retx.o
LOAD ./Drivers/STM32U5xx_HAL_Driver/Src/stm32u5xx_hal.o
LOAD ./Drivers/STM32U5xx_HAL_Driver/Src/stm32u5xx_hal_cortex.o
LOAD ./Drivers/STM32U5xx_HAL_Driver/Src/stm32u5xx_hal_dma.o
LOAD ./Drivers/STM32U5xx_HAL_Driver/Src/stm32u5xx_hal_dma_ex.o
LOAD ./Drivers/STM32U5xx_HAL_Driver/Src/stm32u5xx_hal_exti.o
LOAD ./Drivers/STM32U5xx_HAL_Driver/Src/stm32u5xx_hal_flash.o
LOAD ./Drivers/STM32U5xx_HAL_Driver/Src/stm32u5xx_hal_flash_ex.o
LOAD ./Drivers/STM32U5xx_HAL_Driver/Src/stm32u5xx_hal_gpio.o
LOAD ./Drivers/STM32U5xx_HAL_Driver/Src/stm32u5xx_hal_gtzc.o
LOAD ./Drivers/STM32U5xx_HAL_Driver/Src/stm32u5xx_hal_i2c.o
LOAD ./Drivers/STM32U5xx_HAL_Driver/Src/stm32u5xx_hal_i2c_ex.o
LOAD ./Drivers/STM32U5xx_HAL_Driver/Src/stm32u5xx_hal_icache.o
LOAD ./Drivers/STM32U5xx_HAL_Driver/Src/stm32u5xx_hal_pwr.o
LOAD ./Drivers/STM32U5xx_HAL_Driver/Src/stm32u5xx_hal_pwr_ex.o
LOAD ./Drivers/STM32U5xx_HAL_Driver/Src/stm32u5xx_hal_rcc.o
LOAD ./Drivers/STM32U5xx_HAL_Driver/Src/stm32u5xx_hal_rcc_ex.o
START GROUP
LOAD C:/ST/STM32CubeIDE_1.13.2/STM32CubeIDE/plugins/com.st.stm32cube.ide.mcu.externaltools.gnu-tools-for-stm32.11.3.rel1.win32_1.1.100.202309141235/tools/bin/../lib/gcc/arm-none-eabi/11.3.1/../../../../arm-none-eabi/lib/thumb/v8-m.main+fp/hard\libc_nano.a
LOAD C:/ST/STM32CubeIDE_1.13.2/STM32CubeIDE/plugins/com.st.stm32cube.ide.mcu.externaltools.gnu-tools-for-stm32.11.3.rel1.win32_1.1.100.202309141235/tools/bin/../lib/gcc/arm-none-eabi/11.3.1/../../../../arm-none-eabi/lib/thumb/v8-m.main+fp/hard\libm.a
END GROUP
START GROUP
LOAD C:/ST/STM32CubeIDE_1.13.2/STM32CubeIDE/plugins/com.st.stm32cube.ide.mcu.externaltools.gnu-tools-for-stm32.11.3.rel1.win32_1.1.100.202309141235/tools/bin/../lib/gcc/arm-none-eabi/11.3.1/thumb/v8-m.main+fp/hard\libgcc.a
LOAD C:/ST/STM32CubeIDE_1.13.2/STM32CubeIDE/plugins/com.st.stm32cube.ide.mcu.externaltools.gnu-tools-for-stm32.11.3.rel1.win32_1.1.100.202309141235/tools/bin/../lib/gcc/arm-none-eabi/11.3.1/../../../../arm-none-eabi/lib/thumb/v8-m.main+fp/hard\libc_nano.a
END GROUP
START GROUP
LOAD C:/ST/STM32CubeIDE_1.13.2/STM32CubeIDE/plugins/com.st.stm32cube.ide.mcu.externaltools.gnu-tools-for-stm32.11.3.rel1.win32_1.1.100.202309141235/tools/bin/../lib/gcc/arm-none-eabi/11.3.1/thumb/v8-m.main+fp/hard\libgcc.a
LOAD C:/ST/STM32CubeIDE_1.13.2/STM32CubeIDE/plugins/com.st.stm32cube.ide.mcu.externaltools.gnu-tools-for-stm32.11.3.rel1.win32_1.1.100.202309141235/tools/bin/../lib/gcc/arm-none-eabi/11.3.1/../../../../arm-none-eabi/lib/thumb/v8-m.main+fp/hard\libc_nano.a
LOAD C:/ST/STM32CubeIDE_1.13.2/STM32CubeIDE/plugins/com.st.stm32cube.ide.mcu.externaltools.gnu-tools-for-stm32.11.3.rel1.win32_1.1.100.202309141235/tools/bin/../lib/gcc/arm-none-eabi/11.3.1/../../../../arm-none-eabi/lib/thumb/v8-m.main+fp/hard\libnosys.a
END GROUP
START GROUP
LOAD C:/ST/STM32CubeIDE_1.13.2/STM32CubeIDE/plugins/com.st.stm32cube.ide.mcu.externaltools.gnu-tools-for-stm32.11.3.rel1.win32_1.1.100.202309141235/tools/bin/../lib/gcc/arm-none-eabi/11.3.1/thumb/v8-m.main+fp/hard\libgcc.a
LOAD C:/ST/STM32CubeIDE_1.13.2/STM32CubeIDE/plugins/com.st.stm32cube.ide.mcu.externaltools.gnu-tools-for-stm32.11.3.rel1.win32_1.1.100.202309141235/tools/bin/../lib/gcc/arm-none-eabi/11.3.1/../../../../arm-none-eabi/lib/thumb/v8-m.main+fp/hard\libc_nano.a
LOAD C:/ST/STM32CubeIDE_1.13.2/STM32CubeIDE/plugins/com.st.stm32cube.ide.mcu.externaltools.gnu-tools-for-stm32.11.3.rel1.win32_1.1.100.202309141235/tools/bin/../lib/gcc/arm-none-eabi/11.3.1/../../../../arm-none-eabi/lib/thumb/v8-m.main+fp/hard\libnosys.a
END GROUP
LOAD C:/ST/STM32CubeIDE_1.13.2/STM32CubeIDE/plugins/com.st.stm32cube.ide.mcu.externaltools.gnu-tools-for-stm32.11.3.rel1.win32_1.1.100.202309141235/tools/bin/../lib/gcc/arm-none-eabi/11.3.1/thumb/v8-m.main+fp/hard/crtend.o
LOAD C:/ST/STM32CubeIDE_1.13.2/STM32CubeIDE/plugins/com.st.stm32cube.ide.mcu.externaltools.gnu-tools-for-stm32.11.3.rel1.win32_1.1.100.202309141235/tools/bin/../lib/gcc/arm-none-eabi/11.3.1/thumb/v8-m.main+fp/hard/crtn.o
                0x0000000020040000                _estack = (ORIGIN (RAM) + LENGTH (RAM))
                0x0000000000000200                _Min_Heap_Size = 0x200
                0x0000000000000400                _Min_Stack_Size = 0x400

.isr_vector     0x0000000008000000      0x238
 *(.isr_vector)
 .isr_vector    0x0000000008000000      0x238 ./Core/Startup/startup_stm32u535retx.o
                0x0000000008000000                g_pfnVectors

.text           0x0000000008000238     0x1b54
 *(.text)
 .text          0x0000000008000238       0x40 C:/ST/STM32CubeIDE_1.13.2/STM32CubeIDE/plugins/com.st.stm32cube.ide.mcu.externaltools.gnu-tools-for-stm32.11.3.rel1.win32_1.1.100.202309141235/tools/bin/../lib/gcc/arm-none-eabi/11.3.1/thumb/v8-m.main+fp/hard/crtbegin.o
 *(.text*)
 .text.main     0x0000000008000278        0xe ./Core/Src/main.o
                0x0000000008000278                main
 .text.SystemClock_Config
                0x0000000008000286       0x92 ./Core/Src/main.o
                0x0000000008000286                SystemClock_Config
 .text.Error_Handler
                0x0000000008000318        0xa ./Core/Src/main.o
                0x0000000008000318                Error_Handler
 .text.HAL_MspInit
                0x0000000008000322        0xe ./Core/Src/stm32u5xx_hal_msp.o
                0x0000000008000322                HAL_MspInit
 .text.NMI_Handler
                0x0000000008000330        0x6 ./Core/Src/stm32u5xx_it.o
                0x0000000008000330                NMI_Handler
 .text.HardFault_Handler
                0x0000000008000336        0x6 ./Core/Src/stm32u5xx_it.o
                0x0000000008000336                HardFault_Handler
 .text.MemManage_Handler
                0x000000000800033c        0x6 ./Core/Src/stm32u5xx_it.o
                0x000000000800033c                MemManage_Handler
 .text.BusFault_Handler
                0x0000000008000342        0x6 ./Core/Src/stm32u5xx_it.o
                0x0000000008000342                BusFault_Handler
 .text.UsageFault_Handler
                0x0000000008000348        0x6 ./Core/Src/stm32u5xx_it.o
                0x0000000008000348                UsageFault_Handler
 .text.SVC_Handler
                0x000000000800034e        0xe ./Core/Src/stm32u5xx_it.o
                0x000000000800034e                SVC_Handler
 .text.DebugMon_Handler
                0x000000000800035c        0xe ./Core/Src/stm32u5xx_it.o
                0x000000000800035c                DebugMon_Handler
 .text.PendSV_Handler
                0x000000000800036a        0xe ./Core/Src/stm32u5xx_it.o
                0x000000000800036a                PendSV_Handler
 .text.SysTick_Handler
                0x0000000008000378        0xc ./Core/Src/stm32u5xx_it.o
                0x0000000008000378                SysTick_Handler
 .text.SystemInit
                0x0000000008000384       0x70 ./Core/Src/system_stm32u5xx.o
                0x0000000008000384                SystemInit
 .text.Reset_Handler
                0x00000000080003f4       0x50 ./Core/Startup/startup_stm32u535retx.o
                0x00000000080003f4                Reset_Handler
 .text.Default_Handler
                0x0000000008000444        0x2 ./Core/Startup/startup_stm32u535retx.o
                0x0000000008000444                EXTI2_IRQHandler
                0x0000000008000444                TIM8_TRG_COM_IRQHandler
                0x0000000008000444                TIM8_CC_IRQHandler
                0x0000000008000444                EXTI5_IRQHandler
                0x0000000008000444                FLASH_S_IRQHandler
                0x0000000008000444                EXTI13_IRQHandler
                0x0000000008000444                TIM1_CC_IRQHandler
                0x0000000008000444                TSC_IRQHandler
                0x0000000008000444                TAMP_IRQHandler
                0x0000000008000444                TIM6_IRQHandler
                0x0000000008000444                EXTI12_IRQHandler
                0x0000000008000444                CORDIC_IRQHandler
                0x0000000008000444                EXTI3_IRQHandler
                0x0000000008000444                LPTIM4_IRQHandler
                0x0000000008000444                GPDMA1_Channel5_IRQHandler
                0x0000000008000444                EXTI8_IRQHandler
                0x0000000008000444                LPTIM2_IRQHandler
                0x0000000008000444                I2C3_ER_IRQHandler
                0x0000000008000444                PWR_S3WU_IRQHandler
                0x0000000008000444                LPDMA1_Channel3_IRQHandler
                0x0000000008000444                LPTIM3_IRQHandler
                0x0000000008000444                EXTI0_IRQHandler
                0x0000000008000444                I2C2_EV_IRQHandler
                0x0000000008000444                FPU_IRQHandler
                0x0000000008000444                GPDMA1_Channel3_IRQHandler
                0x0000000008000444                GPDMA1_Channel7_IRQHandler
                0x0000000008000444                FDCAN1_IT1_IRQHandler
                0x0000000008000444                RAMCFG_IRQHandler
                0x0000000008000444                GPDMA1_Channel9_IRQHandler
                0x0000000008000444                DCACHE1_IRQHandler
                0x0000000008000444                SPI1_IRQHandler
                0x0000000008000444                OCTOSPI1_IRQHandler
                0x0000000008000444                GPDMA1_Channel2_IRQHandler
                0x0000000008000444                TIM8_UP_IRQHandler
                0x0000000008000444                RCC_S_IRQHandler
                0x0000000008000444                MDF1_FLT1_IRQHandler
                0x0000000008000444                ADC1_IRQHandler
                0x0000000008000444                EXTI15_IRQHandler
                0x0000000008000444                TIM17_IRQHandler
                0x0000000008000444                USART3_IRQHandler
                0x0000000008000444                RTC_IRQHandler
                0x0000000008000444                EXTI9_IRQHandler
                0x0000000008000444                UART5_IRQHandler
                0x0000000008000444                TIM4_IRQHandler
                0x0000000008000444                I2C1_EV_IRQHandler
                0x0000000008000444                GPDMA1_Channel12_IRQHandler
                0x0000000008000444                GPDMA1_Channel1_IRQHandler
                0x0000000008000444                TIM16_IRQHandler
                0x0000000008000444                GPDMA1_Channel15_IRQHandler
                0x0000000008000444                UART4_IRQHandler
                0x0000000008000444                SecureFault_Handler
                0x0000000008000444                TIM3_IRQHandler
                0x0000000008000444                RCC_IRQHandler
                0x0000000008000444                TIM1_TRG_COM_IRQHandler
                0x0000000008000444                Default_Handler
                0x0000000008000444                GPDMA1_Channel8_IRQHandler
                0x0000000008000444                FMAC_IRQHandler
                0x0000000008000444                GPDMA1_Channel11_IRQHandler
                0x0000000008000444                TIM7_IRQHandler
                0x0000000008000444                SDMMC1_IRQHandler
                0x0000000008000444                TIM5_IRQHandler
                0x0000000008000444                GPDMA1_Channel0_IRQHandler
                0x0000000008000444                TIM15_IRQHandler
                0x0000000008000444                I2C3_EV_IRQHandler
                0x0000000008000444                USB_IRQHandler
                0x0000000008000444                LPDMA1_Channel0_IRQHandler
                0x0000000008000444                PVD_PVM_IRQHandler
                0x0000000008000444                SPI2_IRQHandler
                0x0000000008000444                LPDMA1_Channel1_IRQHandler
                0x0000000008000444                EXTI14_IRQHandler
                0x0000000008000444                EXTI11_IRQHandler
                0x0000000008000444                CRS_IRQHandler
                0x0000000008000444                GPDMA1_Channel14_IRQHandler
                0x0000000008000444                LSECSSD_IRQHandler
                0x0000000008000444                EXTI4_IRQHandler
                0x0000000008000444                RTC_S_IRQHandler
                0x0000000008000444                GPDMA1_Channel13_IRQHandler
                0x0000000008000444                RNG_IRQHandler
                0x0000000008000444                COMP_IRQHandler
                0x0000000008000444                TIM1_UP_IRQHandler
                0x0000000008000444                ADC4_IRQHandler
                0x0000000008000444                WWDG_IRQHandler
                0x0000000008000444                I2C4_EV_IRQHandler
                0x0000000008000444                ADF1_IRQHandler
                0x0000000008000444                IWDG_IRQHandler
                0x0000000008000444                LPUART1_IRQHandler
                0x0000000008000444                MDF1_FLT0_IRQHandler
                0x0000000008000444                FDCAN1_IT0_IRQHandler
                0x0000000008000444                TIM2_IRQHandler
                0x0000000008000444                GPDMA1_Channel4_IRQHandler
                0x0000000008000444                EXTI7_IRQHandler
                0x0000000008000444                TIM1_BRK_IRQHandler
                0x0000000008000444                EXTI1_IRQHandler
                0x0000000008000444                DAC1_IRQHandler
                0x0000000008000444                GTZC_IRQHandler
                0x0000000008000444                GPDMA1_Channel6_IRQHandler
                0x0000000008000444                I2C2_ER_IRQHandler
                0x0000000008000444                TIM8_BRK_IRQHandler
                0x0000000008000444                FLASH_IRQHandler
                0x0000000008000444                USART1_IRQHandler
                0x0000000008000444                EXTI10_IRQHandler
                0x0000000008000444                SPI3_IRQHandler
                0x0000000008000444                LPDMA1_Channel2_IRQHandler
                0x0000000008000444                I2C1_ER_IRQHandler
                0x0000000008000444                EXTI6_IRQHandler
                0x0000000008000444                LPTIM1_IRQHandler
                0x0000000008000444                DCMI_PSSI_IRQHandler
                0x0000000008000444                I2C4_ER_IRQHandler
                0x0000000008000444                GPDMA1_Channel10_IRQHandler
                0x0000000008000444                ICACHE_IRQHandler
                0x0000000008000444                SAI1_IRQHandler
                0x0000000008000444                HASH_IRQHandler
 *fill*         0x0000000008000446        0x2 
 .text.HAL_Init
                0x0000000008000448       0x5c ./Drivers/STM32U5xx_HAL_Driver/Src/stm32u5xx_hal.o
                0x0000000008000448                HAL_Init
 .text.HAL_InitTick
                0x00000000080004a4       0x6c ./Drivers/STM32U5xx_HAL_Driver/Src/stm32u5xx_hal.o
                0x00000000080004a4                HAL_InitTick
 .text.HAL_IncTick
                0x0000000008000510       0x28 ./Drivers/STM32U5xx_HAL_Driver/Src/stm32u5xx_hal.o
                0x0000000008000510                HAL_IncTick
 .text.HAL_GetTick
                0x0000000008000538       0x18 ./Drivers/STM32U5xx_HAL_Driver/Src/stm32u5xx_hal.o
                0x0000000008000538                HAL_GetTick
 .text.__NVIC_SetPriorityGrouping
                0x0000000008000550       0x48 ./Drivers/STM32U5xx_HAL_Driver/Src/stm32u5xx_hal_cortex.o
 .text.__NVIC_GetPriorityGrouping
                0x0000000008000598       0x1c ./Drivers/STM32U5xx_HAL_Driver/Src/stm32u5xx_hal_cortex.o
 .text.__NVIC_SetPriority
                0x00000000080005b4       0x54 ./Drivers/STM32U5xx_HAL_Driver/Src/stm32u5xx_hal_cortex.o
 .text.NVIC_EncodePriority
                0x0000000008000608       0x66 ./Drivers/STM32U5xx_HAL_Driver/Src/stm32u5xx_hal_cortex.o
 *fill*         0x000000000800066e        0x2 
 .text.SysTick_Config
                0x0000000008000670       0x44 ./Drivers/STM32U5xx_HAL_Driver/Src/stm32u5xx_hal_cortex.o
 .text.HAL_NVIC_SetPriorityGrouping
                0x00000000080006b4       0x16 ./Drivers/STM32U5xx_HAL_Driver/Src/stm32u5xx_hal_cortex.o
                0x00000000080006b4                HAL_NVIC_SetPriorityGrouping
 .text.HAL_NVIC_SetPriority
                0x00000000080006ca       0x34 ./Drivers/STM32U5xx_HAL_Driver/Src/stm32u5xx_hal_cortex.o
                0x00000000080006ca                HAL_NVIC_SetPriority
 .text.HAL_SYSTICK_Config
                0x00000000080006fe       0x18 ./Drivers/STM32U5xx_HAL_Driver/Src/stm32u5xx_hal_cortex.o
                0x00000000080006fe                HAL_SYSTICK_Config
 *fill*         0x0000000008000716        0x2 
 .text.HAL_PWREx_ControlVoltageScaling
                0x0000000008000718       0xfc ./Drivers/STM32U5xx_HAL_Driver/Src/stm32u5xx_hal_pwr_ex.o
                0x0000000008000718                HAL_PWREx_ControlVoltageScaling
 .text.HAL_PWREx_GetVoltageRange
                0x0000000008000814       0x1c ./Drivers/STM32U5xx_HAL_Driver/Src/stm32u5xx_hal_pwr_ex.o
                0x0000000008000814                HAL_PWREx_GetVoltageRange
 .text.HAL_RCC_OscConfig
                0x0000000008000830      0xdb8 ./Drivers/STM32U5xx_HAL_Driver/Src/stm32u5xx_hal_rcc.o
                0x0000000008000830                HAL_RCC_OscConfig
 .text.HAL_RCC_ClockConfig
                0x00000000080015e8      0x3e4 ./Drivers/STM32U5xx_HAL_Driver/Src/stm32u5xx_hal_rcc.o
                0x00000000080015e8                HAL_RCC_ClockConfig
 .text.HAL_RCC_GetSysClockFreq
                0x00000000080019cc      0x210 ./Drivers/STM32U5xx_HAL_Driver/Src/stm32u5xx_hal_rcc.o
                0x00000000080019cc                HAL_RCC_GetSysClockFreq
 .text.HAL_RCC_GetHCLKFreq
                0x0000000008001bdc       0x34 ./Drivers/STM32U5xx_HAL_Driver/Src/stm32u5xx_hal_rcc.o
                0x0000000008001bdc                HAL_RCC_GetHCLKFreq
 .text.RCC_SetFlashLatencyFromMSIRange
                0x0000000008001c10      0x10c ./Drivers/STM32U5xx_HAL_Driver/Src/stm32u5xx_hal_rcc.o
 .text.memset   0x0000000008001d1c       0x10 C:/ST/STM32CubeIDE_1.13.2/STM32CubeIDE/plugins/com.st.stm32cube.ide.mcu.externaltools.gnu-tools-for-stm32.11.3.rel1.win32_1.1.100.202309141235/tools/bin/../lib/gcc/arm-none-eabi/11.3.1/../../../../arm-none-eabi/lib/thumb/v8-m.main+fp/hard\libc_nano.a(libc_a-memset.o)
                0x0000000008001d1c                memset
 .text.__libc_init_array
                0x0000000008001d2c       0x48 C:/ST/STM32CubeIDE_1.13.2/STM32CubeIDE/plugins/com.st.stm32cube.ide.mcu.externaltools.gnu-tools-for-stm32.11.3.rel1.win32_1.1.100.202309141235/tools/bin/../lib/gcc/arm-none-eabi/11.3.1/../../../../arm-none-eabi/lib/thumb/v8-m.main+fp/hard\libc_nano.a(libc_a-init.o)
                0x0000000008001d2c                __libc_init_array
 *(.glue_7)
 .glue_7        0x0000000008001d74        0x0 linker stubs
 *(.glue_7t)
 .glue_7t       0x0000000008001d74        0x0 linker stubs
 *(.eh_frame)
 .eh_frame      0x0000000008001d74        0x0 C:/ST/STM32CubeIDE_1.13.2/STM32CubeIDE/plugins/com.st.stm32cube.ide.mcu.externaltools.gnu-tools-for-stm32.11.3.rel1.win32_1.1.100.202309141235/tools/bin/../lib/gcc/arm-none-eabi/11.3.1/thumb/v8-m.main+fp/hard/crtbegin.o
 *(.init)
 .init          0x0000000008001d74        0x4 C:/ST/STM32CubeIDE_1.13.2/STM32CubeIDE/plugins/com.st.stm32cube.ide.mcu.externaltools.gnu-tools-for-stm32.11.3.rel1.win32_1.1.100.202309141235/tools/bin/../lib/gcc/arm-none-eabi/11.3.1/thumb/v8-m.main+fp/hard/crti.o
                0x0000000008001d74                _init
 .init          0x0000000008001d78        0x8 C:/ST/STM32CubeIDE_1.13.2/STM32CubeIDE/plugins/com.st.stm32cube.ide.mcu.externaltools.gnu-tools-for-stm32.11.3.rel1.win32_1.1.100.202309141235/tools/bin/../lib/gcc/arm-none-eabi/11.3.1/thumb/v8-m.main+fp/hard/crtn.o
 *(.fini)
 .fini          0x0000000008001d80        0x4 C:/ST/STM32CubeIDE_1.13.2/STM32CubeIDE/plugins/com.st.stm32cube.ide.mcu.externaltools.gnu-tools-for-stm32.11.3.rel1.win32_1.1.100.202309141235/tools/bin/../lib/gcc/arm-none-eabi/11.3.1/thumb/v8-m.main+fp/hard/crti.o
                0x0000000008001d80                _fini
 .fini          0x0000000008001d84        0x8 C:/ST/STM32CubeIDE_1.13.2/STM32CubeIDE/plugins/com.st.stm32cube.ide.mcu.externaltools.gnu-tools-for-stm32.11.3.rel1.win32_1.1.100.202309141235/tools/bin/../lib/gcc/arm-none-eabi/11.3.1/thumb/v8-m.main+fp/hard/crtn.o
                0x0000000008001d8c                _etext = .

.vfp11_veneer   0x0000000008001d8c        0x0
 .vfp11_veneer  0x0000000008001d8c        0x0 linker stubs

.v4_bx          0x0000000008001d8c        0x0
 .v4_bx         0x0000000008001d8c        0x0 linker stubs

.iplt           0x0000000008001d8c        0x0
 .iplt          0x0000000008001d8c        0x0 C:/ST/STM32CubeIDE_1.13.2/STM32CubeIDE/plugins/com.st.stm32cube.ide.mcu.externaltools.gnu-tools-for-stm32.11.3.rel1.win32_1.1.100.202309141235/tools/bin/../lib/gcc/arm-none-eabi/11.3.1/thumb/v8-m.main+fp/hard/crtbegin.o

.rodata         0x0000000008001d8c       0x50
 *(.rodata)
 *(.rodata*)
 .rodata.AHBPrescTable
                0x0000000008001d8c       0x10 ./Core/Src/system_stm32u5xx.o
                0x0000000008001d8c                AHBPrescTable
 .rodata.MSIRangeTable
                0x0000000008001d9c       0x40 ./Core/Src/system_stm32u5xx.o
                0x0000000008001d9c                MSIRangeTable

.rel.dyn        0x0000000008001ddc        0x0
 .rel.iplt      0x0000000008001ddc        0x0 C:/ST/STM32CubeIDE_1.13.2/STM32CubeIDE/plugins/com.st.stm32cube.ide.mcu.externaltools.gnu-tools-for-stm32.11.3.rel1.win32_1.1.100.202309141235/tools/bin/../lib/gcc/arm-none-eabi/11.3.1/thumb/v8-m.main+fp/hard/crtbegin.o

.ARM.extab
 *(.ARM.extab* .gnu.linkonce.armextab.*)

.ARM            0x0000000008001ddc        0x0
                0x0000000008001ddc                __exidx_start = .
 *(.ARM.exidx*)
                0x0000000008001ddc                __exidx_end = .

.preinit_array  0x0000000008001ddc        0x0
                0x0000000008001ddc                PROVIDE (__preinit_array_start = .)
 *(.preinit_array*)
                0x0000000008001ddc                PROVIDE (__preinit_array_end = .)

.init_array     0x0000000008001ddc        0x4
                0x0000000008001ddc                PROVIDE (__init_array_start = .)
 *(SORT_BY_NAME(.init_array.*))
 *(.init_array*)
 .init_array    0x0000000008001ddc        0x4 C:/ST/STM32CubeIDE_1.13.2/STM32CubeIDE/plugins/com.st.stm32cube.ide.mcu.externaltools.gnu-tools-for-stm32.11.3.rel1.win32_1.1.100.202309141235/tools/bin/../lib/gcc/arm-none-eabi/11.3.1/thumb/v8-m.main+fp/hard/crtbegin.o
                0x0000000008001de0                PROVIDE (__init_array_end = .)

.fini_array     0x0000000008001de0        0x4
                [!provide]                        PROVIDE (__fini_array_start = .)
 *(SORT_BY_NAME(.fini_array.*))
 *(.fini_array*)
 .fini_array    0x0000000008001de0        0x4 C:/ST/STM32CubeIDE_1.13.2/STM32CubeIDE/plugins/com.st.stm32cube.ide.mcu.externaltools.gnu-tools-for-stm32.11.3.rel1.win32_1.1.100.202309141235/tools/bin/../lib/gcc/arm-none-eabi/11.3.1/thumb/v8-m.main+fp/hard/crtbegin.o
                [!provide]                        PROVIDE (__fini_array_end = .)
                0x0000000008001de4                _sidata = LOADADDR (.data)

.data           0x0000000020000000        0x9 load address 0x0000000008001de4
                0x0000000020000000                _sdata = .
 *(.data)
 *(.data*)
 .data.SystemCoreClock
                0x0000000020000000        0x4 ./Core/Src/system_stm32u5xx.o
                0x0000000020000000                SystemCoreClock
 .data.uwTickPrio
                0x0000000020000004        0x4 ./Drivers/STM32U5xx_HAL_Driver/Src/stm32u5xx_hal.o
                0x0000000020000004                uwTickPrio
 .data.uwTickFreq
                0x0000000020000008        0x1 ./Drivers/STM32U5xx_HAL_Driver/Src/stm32u5xx_hal.o
                0x0000000020000008                uwTickFreq
 *(.RamFunc)
 *(.RamFunc*)
                0x0000000020000009                _edata = .

.igot.plt       0x000000002000000c        0x0 load address 0x0000000008001ded
 .igot.plt      0x000000002000000c        0x0 C:/ST/STM32CubeIDE_1.13.2/STM32CubeIDE/plugins/com.st.stm32cube.ide.mcu.externaltools.gnu-tools-for-stm32.11.3.rel1.win32_1.1.100.202309141235/tools/bin/../lib/gcc/arm-none-eabi/11.3.1/thumb/v8-m.main+fp/hard/crtbegin.o

.bss            0x000000002000000c       0x20 load address 0x0000000008001ded
                0x000000002000000c                _sbss = .
                0x000000002000000c                __bss_start__ = _sbss
 *(.bss)
 .bss           0x000000002000000c       0x1c C:/ST/STM32CubeIDE_1.13.2/STM32CubeIDE/plugins/com.st.stm32cube.ide.mcu.externaltools.gnu-tools-for-stm32.11.3.rel1.win32_1.1.100.202309141235/tools/bin/../lib/gcc/arm-none-eabi/11.3.1/thumb/v8-m.main+fp/hard/crtbegin.o
 *(.bss*)
 .bss.uwTick    0x0000000020000028        0x4 ./Drivers/STM32U5xx_HAL_Driver/Src/stm32u5xx_hal.o
                0x0000000020000028                uwTick
 *(COMMON)
                0x000000002000002c                _ebss = .
                0x000000002000002c                __bss_end__ = _ebss

._user_heap_stack
                0x000000002000002c      0x604 load address 0x0000000008001ded
                0x0000000020000030                . = ALIGN (0x8)
 *fill*         0x000000002000002c        0x4 
                [!provide]                        PROVIDE (end = .)
                0x0000000020000030                PROVIDE (_end = .)
                0x0000000020000230                . = (. + _Min_Heap_Size)
 *fill*         0x0000000020000030      0x200 
                0x0000000020000630                . = (. + _Min_Stack_Size)
 *fill*         0x0000000020000230      0x400 
                0x0000000020000630                . = ALIGN (0x8)

/DISCARD/
 libc.a(*)
 libm.a(*)
 libgcc.a(*)

.ARM.attributes
                0x0000000000000000       0x36
 *(.ARM.attributes)
 .ARM.attributes
                0x0000000000000000       0x22 C:/ST/STM32CubeIDE_1.13.2/STM32CubeIDE/plugins/com.st.stm32cube.ide.mcu.externaltools.gnu-tools-for-stm32.11.3.rel1.win32_1.1.100.202309141235/tools/bin/../lib/gcc/arm-none-eabi/11.3.1/thumb/v8-m.main+fp/hard/crti.o
 .ARM.attributes
                0x0000000000000022       0x38 C:/ST/STM32CubeIDE_1.13.2/STM32CubeIDE/plugins/com.st.stm32cube.ide.mcu.externaltools.gnu-tools-for-stm32.11.3.rel1.win32_1.1.100.202309141235/tools/bin/../lib/gcc/arm-none-eabi/11.3.1/thumb/v8-m.main+fp/hard/crtbegin.o
 .ARM.attributes
                0x000000000000005a       0x3a ./Core/Src/main.o
 .ARM.attributes
                0x0000000000000094       0x3a ./Core/Src/stm32u5xx_hal_msp.o
 .ARM.attributes
                0x00000000000000ce       0x3a ./Core/Src/stm32u5xx_it.o
 .ARM.attributes
                0x0000000000000108       0x3a ./Core/Src/system_stm32u5xx.o
 .ARM.attributes
                0x0000000000000142       0x24 ./Core/Startup/startup_stm32u535retx.o
 .ARM.attributes
                0x0000000000000166       0x3a ./Drivers/STM32U5xx_HAL_Driver/Src/stm32u5xx_hal.o
 .ARM.attributes
                0x00000000000001a0       0x3a ./Drivers/STM32U5xx_HAL_Driver/Src/stm32u5xx_hal_cortex.o
 .ARM.attributes
                0x00000000000001da       0x3a ./Drivers/STM32U5xx_HAL_Driver/Src/stm32u5xx_hal_pwr_ex.o
 .ARM.attributes
                0x0000000000000214       0x3a ./Drivers/STM32U5xx_HAL_Driver/Src/stm32u5xx_hal_rcc.o
 .ARM.attributes
                0x000000000000024e       0x38 C:/ST/STM32CubeIDE_1.13.2/STM32CubeIDE/plugins/com.st.stm32cube.ide.mcu.externaltools.gnu-tools-for-stm32.11.3.rel1.win32_1.1.100.202309141235/tools/bin/../lib/gcc/arm-none-eabi/11.3.1/../../../../arm-none-eabi/lib/thumb/v8-m.main+fp/hard\libc_nano.a(libc_a-memset.o)
 .ARM.attributes
                0x0000000000000286       0x38 C:/ST/STM32CubeIDE_1.13.2/STM32CubeIDE/plugins/com.st.stm32cube.ide.mcu.externaltools.gnu-tools-for-stm32.11.3.rel1.win32_1.1.100.202309141235/tools/bin/../lib/gcc/arm-none-eabi/11.3.1/../../../../arm-none-eabi/lib/thumb/v8-m.main+fp/hard\libc_nano.a(libc_a-init.o)
 .ARM.attributes
                0x00000000000002be       0x22 C:/ST/STM32CubeIDE_1.13.2/STM32CubeIDE/plugins/com.st.stm32cube.ide.mcu.externaltools.gnu-tools-for-stm32.11.3.rel1.win32_1.1.100.202309141235/tools/bin/../lib/gcc/arm-none-eabi/11.3.1/thumb/v8-m.main+fp/hard/crtn.o
OUTPUT(PINOUT.elf elf32-littlearm)
LOAD linker stubs
LOAD C:/ST/STM32CubeIDE_1.13.2/STM32CubeIDE/plugins/com.st.stm32cube.ide.mcu.externaltools.gnu-tools-for-stm32.11.3.rel1.win32_1.1.100.202309141235/tools/bin/../lib/gcc/arm-none-eabi/11.3.1/../../../../arm-none-eabi/lib/thumb/v8-m.main+fp/hard\libc.a
LOAD C:/ST/STM32CubeIDE_1.13.2/STM32CubeIDE/plugins/com.st.stm32cube.ide.mcu.externaltools.gnu-tools-for-stm32.11.3.rel1.win32_1.1.100.202309141235/tools/bin/../lib/gcc/arm-none-eabi/11.3.1/../../../../arm-none-eabi/lib/thumb/v8-m.main+fp/hard\libm.a
LOAD C:/ST/STM32CubeIDE_1.13.2/STM32CubeIDE/plugins/com.st.stm32cube.ide.mcu.externaltools.gnu-tools-for-stm32.11.3.rel1.win32_1.1.100.202309141235/tools/bin/../lib/gcc/arm-none-eabi/11.3.1/thumb/v8-m.main+fp/hard\libgcc.a

.comment        0x0000000000000000       0x43
 .comment       0x0000000000000000       0x43 C:/ST/STM32CubeIDE_1.13.2/STM32CubeIDE/plugins/com.st.stm32cube.ide.mcu.externaltools.gnu-tools-for-stm32.11.3.rel1.win32_1.1.100.202309141235/tools/bin/../lib/gcc/arm-none-eabi/11.3.1/thumb/v8-m.main+fp/hard/crtbegin.o
                                         0x44 (size before relaxing)
 .comment       0x0000000000000043       0x44 ./Core/Src/main.o
 .comment       0x0000000000000043       0x44 ./Core/Src/stm32u5xx_hal_msp.o
 .comment       0x0000000000000043       0x44 ./Core/Src/stm32u5xx_it.o
 .comment       0x0000000000000043       0x44 ./Core/Src/system_stm32u5xx.o
 .comment       0x0000000000000043       0x44 ./Drivers/STM32U5xx_HAL_Driver/Src/stm32u5xx_hal.o
 .comment       0x0000000000000043       0x44 ./Drivers/STM32U5xx_HAL_Driver/Src/stm32u5xx_hal_cortex.o
 .comment       0x0000000000000043       0x44 ./Drivers/STM32U5xx_HAL_Driver/Src/stm32u5xx_hal_pwr_ex.o
 .comment       0x0000000000000043       0x44 ./Drivers/STM32U5xx_HAL_Driver/Src/stm32u5xx_hal_rcc.o

.debug_info     0x0000000000000000     0x52d4
 .debug_info    0x0000000000000000      0x351 ./Core/Src/main.o
 .debug_info    0x0000000000000351       0x9f ./Core/Src/stm32u5xx_hal_msp.o
 .debug_info    0x00000000000003f0      0x128 ./Core/Src/stm32u5xx_it.o
 .debug_info    0x0000000000000518      0x8e0 ./Core/Src/system_stm32u5xx.o
 .debug_info    0x0000000000000df8       0x23 ./Core/Startup/startup_stm32u535retx.o
 .debug_info    0x0000000000000e1b     0x10b5 ./Drivers/STM32U5xx_HAL_Driver/Src/stm32u5xx_hal.o
 .debug_info    0x0000000000001ed0     0x1522 ./Drivers/STM32U5xx_HAL_Driver/Src/stm32u5xx_hal_cortex.o
 .debug_info    0x00000000000033f2      0xd95 ./Drivers/STM32U5xx_HAL_Driver/Src/stm32u5xx_hal_pwr_ex.o
 .debug_info    0x0000000000004187     0x114d ./Drivers/STM32U5xx_HAL_Driver/Src/stm32u5xx_hal_rcc.o

.debug_abbrev   0x0000000000000000      0xdc5
 .debug_abbrev  0x0000000000000000      0x157 ./Core/Src/main.o
 .debug_abbrev  0x0000000000000157       0x45 ./Core/Src/stm32u5xx_hal_msp.o
 .debug_abbrev  0x000000000000019c       0x73 ./Core/Src/stm32u5xx_it.o
 .debug_abbrev  0x000000000000020f      0x129 ./Core/Src/system_stm32u5xx.o
 .debug_abbrev  0x0000000000000338       0x12 ./Core/Startup/startup_stm32u535retx.o
 .debug_abbrev  0x000000000000034a      0x290 ./Drivers/STM32U5xx_HAL_Driver/Src/stm32u5xx_hal.o
 .debug_abbrev  0x00000000000005da      0x30d ./Drivers/STM32U5xx_HAL_Driver/Src/stm32u5xx_hal_cortex.o
 .debug_abbrev  0x00000000000008e7      0x215 ./Drivers/STM32U5xx_HAL_Driver/Src/stm32u5xx_hal_pwr_ex.o
 .debug_abbrev  0x0000000000000afc      0x2c9 ./Drivers/STM32U5xx_HAL_Driver/Src/stm32u5xx_hal_rcc.o

.debug_aranges  0x0000000000000000      0x5f0
 .debug_aranges
                0x0000000000000000       0x30 ./Core/Src/main.o
 .debug_aranges
                0x0000000000000030       0x20 ./Core/Src/stm32u5xx_hal_msp.o
 .debug_aranges
                0x0000000000000050       0x60 ./Core/Src/stm32u5xx_it.o
 .debug_aranges
                0x00000000000000b0       0x28 ./Core/Src/system_stm32u5xx.o
 .debug_aranges
                0x00000000000000d8       0x28 ./Core/Startup/startup_stm32u535retx.o
 .debug_aranges
                0x0000000000000100      0x138 ./Drivers/STM32U5xx_HAL_Driver/Src/stm32u5xx_hal.o
 .debug_aranges
                0x0000000000000238      0x130 ./Drivers/STM32U5xx_HAL_Driver/Src/stm32u5xx_hal_cortex.o
 .debug_aranges
                0x0000000000000368      0x1e0 ./Drivers/STM32U5xx_HAL_Driver/Src/stm32u5xx_hal_pwr_ex.o
 .debug_aranges
                0x0000000000000548       0xa8 ./Drivers/STM32U5xx_HAL_Driver/Src/stm32u5xx_hal_rcc.o

.debug_rnglists
                0x0000000000000000      0x45c
 .debug_rnglists
                0x0000000000000000       0x20 ./Core/Src/main.o
 .debug_rnglists
                0x0000000000000020       0x13 ./Core/Src/stm32u5xx_hal_msp.o
 .debug_rnglists
                0x0000000000000033       0x43 ./Core/Src/stm32u5xx_it.o
 .debug_rnglists
                0x0000000000000076       0x1a ./Core/Src/system_stm32u5xx.o
 .debug_rnglists
                0x0000000000000090       0x19 ./Core/Startup/startup_stm32u535retx.o
 .debug_rnglists
                0x00000000000000a9       0xe6 ./Drivers/STM32U5xx_HAL_Driver/Src/stm32u5xx_hal.o
 .debug_rnglists
                0x000000000000018f       0xe0 ./Drivers/STM32U5xx_HAL_Driver/Src/stm32u5xx_hal_cortex.o
 .debug_rnglists
                0x000000000000026f      0x16e ./Drivers/STM32U5xx_HAL_Driver/Src/stm32u5xx_hal_pwr_ex.o
 .debug_rnglists
                0x00000000000003dd       0x7f ./Drivers/STM32U5xx_HAL_Driver/Src/stm32u5xx_hal_rcc.o

.debug_macro    0x0000000000000000    0x298f5
 .debug_macro   0x0000000000000000      0x24f ./Core/Src/main.o
 .debug_macro   0x000000000000024f      0xaae ./Core/Src/main.o
 .debug_macro   0x0000000000000cfd      0x1d4 ./Core/Src/main.o
 .debug_macro   0x0000000000000ed1       0x2e ./Core/Src/main.o
 .debug_macro   0x0000000000000eff       0x42 ./Core/Src/main.o
 .debug_macro   0x0000000000000f41       0x22 ./Core/Src/main.o
 .debug_macro   0x0000000000000f63       0x8e ./Core/Src/main.o
 .debug_macro   0x0000000000000ff1       0x51 ./Core/Src/main.o
 .debug_macro   0x0000000000001042      0x103 ./Core/Src/main.o
 .debug_macro   0x0000000000001145       0x6a ./Core/Src/main.o
 .debug_macro   0x00000000000011af      0x1df ./Core/Src/main.o
 .debug_macro   0x000000000000138e       0x1c ./Core/Src/main.o
 .debug_macro   0x00000000000013aa       0x29 ./Core/Src/main.o
 .debug_macro   0x00000000000013d3       0xfb ./Core/Src/main.o
 .debug_macro   0x00000000000014ce     0x1336 ./Core/Src/main.o
 .debug_macro   0x0000000000002804       0x5e ./Core/Src/main.o
 .debug_macro   0x0000000000002862    0x1d6a0 ./Core/Src/main.o
 .debug_macro   0x000000000001ff02       0x6d ./Core/Src/main.o
 .debug_macro   0x000000000001ff6f     0x3882 ./Core/Src/main.o
 .debug_macro   0x00000000000237f1      0x174 ./Core/Src/main.o
 .debug_macro   0x0000000000023965       0x61 ./Core/Src/main.o
 .debug_macro   0x00000000000239c6       0x2a ./Core/Src/main.o
 .debug_macro   0x00000000000239f0       0x43 ./Core/Src/main.o
 .debug_macro   0x0000000000023a33       0x34 ./Core/Src/main.o
 .debug_macro   0x0000000000023a67       0x16 ./Core/Src/main.o
 .debug_macro   0x0000000000023a7d       0x43 ./Core/Src/main.o
 .debug_macro   0x0000000000023ac0       0x34 ./Core/Src/main.o
 .debug_macro   0x0000000000023af4       0x10 ./Core/Src/main.o
 .debug_macro   0x0000000000023b04       0x58 ./Core/Src/main.o
 .debug_macro   0x0000000000023b5c       0x8e ./Core/Src/main.o
 .debug_macro   0x0000000000023bea       0x1c ./Core/Src/main.o
 .debug_macro   0x0000000000023c06      0x177 ./Core/Src/main.o
 .debug_macro   0x0000000000023d7d      0x369 ./Core/Src/main.o
 .debug_macro   0x00000000000240e6      0x19b ./Core/Src/main.o
 .debug_macro   0x0000000000024281       0x5d ./Core/Src/main.o
 .debug_macro   0x00000000000242de     0x18c3 ./Core/Src/main.o
 .debug_macro   0x0000000000025ba1      0x796 ./Core/Src/main.o
 .debug_macro   0x0000000000026337      0x15f ./Core/Src/main.o
 .debug_macro   0x0000000000026496      0x250 ./Core/Src/main.o
 .debug_macro   0x00000000000266e6      0x574 ./Core/Src/main.o
 .debug_macro   0x0000000000026c5a      0x447 ./Core/Src/main.o
 .debug_macro   0x00000000000270a1       0xd6 ./Core/Src/main.o
 .debug_macro   0x0000000000027177      0x1cd ./Core/Src/main.o
 .debug_macro   0x0000000000027344      0x42b ./Core/Src/main.o
 .debug_macro   0x000000000002776f       0x95 ./Core/Src/main.o
 .debug_macro   0x0000000000027804      0x11c ./Core/Src/main.o
 .debug_macro   0x0000000000027920      0x517 ./Core/Src/main.o
 .debug_macro   0x0000000000027e37      0x448 ./Core/Src/main.o
 .debug_macro   0x000000000002827f      0x1b8 ./Core/Src/main.o
 .debug_macro   0x0000000000028437      0x361 ./Core/Src/main.o
 .debug_macro   0x0000000000028798      0x24f ./Core/Src/stm32u5xx_hal_msp.o
 .debug_macro   0x00000000000289e7      0x259 ./Core/Src/stm32u5xx_it.o
 .debug_macro   0x0000000000028c40      0x24c ./Core/Src/system_stm32u5xx.o
 .debug_macro   0x0000000000028e8c      0x269 ./Drivers/STM32U5xx_HAL_Driver/Src/stm32u5xx_hal.o
 .debug_macro   0x00000000000290f5      0x245 ./Drivers/STM32U5xx_HAL_Driver/Src/stm32u5xx_hal_cortex.o
 .debug_macro   0x000000000002933a      0x270 ./Drivers/STM32U5xx_HAL_Driver/Src/stm32u5xx_hal_pwr_ex.o
 .debug_macro   0x00000000000295aa      0x34b ./Drivers/STM32U5xx_HAL_Driver/Src/stm32u5xx_hal_rcc.o

.debug_line     0x0000000000000000     0x63f3
 .debug_line    0x0000000000000000      0x891 ./Core/Src/main.o
 .debug_line    0x0000000000000891      0x81c ./Core/Src/stm32u5xx_hal_msp.o
 .debug_line    0x00000000000010ad      0x8e3 ./Core/Src/stm32u5xx_it.o
 .debug_line    0x0000000000001990      0x919 ./Core/Src/system_stm32u5xx.o
 .debug_line    0x00000000000022a9       0x7b ./Core/Startup/startup_stm32u535retx.o
 .debug_line    0x0000000000002324      0xc2b ./Drivers/STM32U5xx_HAL_Driver/Src/stm32u5xx_hal.o
 .debug_line    0x0000000000002f4f      0xe28 ./Drivers/STM32U5xx_HAL_Driver/Src/stm32u5xx_hal_cortex.o
 .debug_line    0x0000000000003d77     0x1118 ./Drivers/STM32U5xx_HAL_Driver/Src/stm32u5xx_hal_pwr_ex.o
 .debug_line    0x0000000000004e8f     0x1564 ./Drivers/STM32U5xx_HAL_Driver/Src/stm32u5xx_hal_rcc.o

.debug_str      0x0000000000000000   0x106bda
 .debug_str     0x0000000000000000   0x103a33 ./Core/Src/main.o
                                     0x1044cf (size before relaxing)
 .debug_str     0x0000000000103a33       0x2c ./Core/Src/stm32u5xx_hal_msp.o
                                     0x10427d (size before relaxing)
 .debug_str     0x0000000000103a5f       0xc9 ./Core/Src/stm32u5xx_it.o
                                     0x10431a (size before relaxing)
 .debug_str     0x0000000000103b28      0x3e8 ./Core/Src/system_stm32u5xx.o
                                     0x10465f (size before relaxing)
 .debug_str     0x0000000000103f10       0x34 ./Core/Startup/startup_stm32u535retx.o
                                         0x96 (size before relaxing)
 .debug_str     0x0000000000103f44      0xd50 ./Drivers/STM32U5xx_HAL_Driver/Src/stm32u5xx_hal.o
                                     0x10533b (size before relaxing)
 .debug_str     0x0000000000104c94      0x3d0 ./Drivers/STM32U5xx_HAL_Driver/Src/stm32u5xx_hal_cortex.o
                                     0x1051b2 (size before relaxing)
 .debug_str     0x0000000000105064      0x7fc ./Drivers/STM32U5xx_HAL_Driver/Src/stm32u5xx_hal_pwr_ex.o
                                     0x104cf5 (size before relaxing)
 .debug_str     0x0000000000105860     0x137a ./Drivers/STM32U5xx_HAL_Driver/Src/stm32u5xx_hal_rcc.o
                                     0x105cd5 (size before relaxing)

.debug_frame    0x0000000000000000     0x1664
 .debug_frame   0x0000000000000000       0x6c ./Core/Src/main.o
 .debug_frame   0x000000000000006c       0x30 ./Core/Src/stm32u5xx_hal_msp.o
 .debug_frame   0x000000000000009c      0x104 ./Core/Src/stm32u5xx_it.o
 .debug_frame   0x00000000000001a0       0x58 ./Core/Src/system_stm32u5xx.o
 .debug_frame   0x00000000000001f8      0x4c0 ./Drivers/STM32U5xx_HAL_Driver/Src/stm32u5xx_hal.o
 .debug_frame   0x00000000000006b8      0x508 ./Drivers/STM32U5xx_HAL_Driver/Src/stm32u5xx_hal_cortex.o
 .debug_frame   0x0000000000000bc0      0x7cc ./Drivers/STM32U5xx_HAL_Driver/Src/stm32u5xx_hal_pwr_ex.o
 .debug_frame   0x000000000000138c      0x28c ./Drivers/STM32U5xx_HAL_Driver/Src/stm32u5xx_hal_rcc.o
 .debug_frame   0x0000000000001618       0x20 C:/ST/STM32CubeIDE_1.13.2/STM32CubeIDE/plugins/com.st.stm32cube.ide.mcu.externaltools.gnu-tools-for-stm32.11.3.rel1.win32_1.1.100.202309141235/tools/bin/../lib/gcc/arm-none-eabi/11.3.1/../../../../arm-none-eabi/lib/thumb/v8-m.main+fp/hard\libc_nano.a(libc_a-memset.o)
 .debug_frame   0x0000000000001638       0x2c C:/ST/STM32CubeIDE_1.13.2/STM32CubeIDE/plugins/com.st.stm32cube.ide.mcu.externaltools.gnu-tools-for-stm32.11.3.rel1.win32_1.1.100.202309141235/tools/bin/../lib/gcc/arm-none-eabi/11.3.1/../../../../arm-none-eabi/lib/thumb/v8-m.main+fp/hard\libc_nano.a(libc_a-init.o)

.debug_line_str
                0x0000000000000000       0x8a
 .debug_line_str
                0x0000000000000000       0x8a ./Core/Startup/startup_stm32u535retx.o
                                         0xa2 (size before relaxing)
