Archive member included to satisfy reference by file (symbol)

/Applications/STM32CubeIDE.app/Contents/Eclipse/plugins/com.st.stm32cube.ide.mcu.externaltools.gnu-tools-for-stm32.11.3.rel1.macos64_1.1.100.202310310803/tools/bin/../lib/gcc/arm-none-eabi/11.3.1/../../../../arm-none-eabi/lib/thumb/v8-m.main+fp/hard/libc_nano.a(libc_a-exit.o)
                              /Applications/STM32CubeIDE.app/Contents/Eclipse/plugins/com.st.stm32cube.ide.mcu.externaltools.gnu-tools-for-stm32.11.3.rel1.macos64_1.1.100.202310310803/tools/bin/../lib/gcc/arm-none-eabi/11.3.1/../../../../arm-none-eabi/lib/thumb/v8-m.main+fp/hard/crt0.o (exit)
/Applications/STM32CubeIDE.app/Contents/Eclipse/plugins/com.st.stm32cube.ide.mcu.externaltools.gnu-tools-for-stm32.11.3.rel1.macos64_1.1.100.202310310803/tools/bin/../lib/gcc/arm-none-eabi/11.3.1/../../../../arm-none-eabi/lib/thumb/v8-m.main+fp/hard/libc_nano.a(libc_a-malloc.o)
                              ./Core/Src/dyn2.o (malloc)
/Applications/STM32CubeIDE.app/Contents/Eclipse/plugins/com.st.stm32cube.ide.mcu.externaltools.gnu-tools-for-stm32.11.3.rel1.macos64_1.1.100.202310310803/tools/bin/../lib/gcc/arm-none-eabi/11.3.1/../../../../arm-none-eabi/lib/thumb/v8-m.main+fp/hard/libc_nano.a(libc_a-mallocr.o)
                              /Applications/STM32CubeIDE.app/Contents/Eclipse/plugins/com.st.stm32cube.ide.mcu.externaltools.gnu-tools-for-stm32.11.3.rel1.macos64_1.1.100.202310310803/tools/bin/../lib/gcc/arm-none-eabi/11.3.1/../../../../arm-none-eabi/lib/thumb/v8-m.main+fp/hard/libc_nano.a(libc_a-malloc.o) (_malloc_r)
/Applications/STM32CubeIDE.app/Contents/Eclipse/plugins/com.st.stm32cube.ide.mcu.externaltools.gnu-tools-for-stm32.11.3.rel1.macos64_1.1.100.202310310803/tools/bin/../lib/gcc/arm-none-eabi/11.3.1/../../../../arm-none-eabi/lib/thumb/v8-m.main+fp/hard/libc_nano.a(libc_a-snprintf.o)
                              ./Core/Src/tmc2590.o (snprintf)
/Applications/STM32CubeIDE.app/Contents/Eclipse/plugins/com.st.stm32cube.ide.mcu.externaltools.gnu-tools-for-stm32.11.3.rel1.macos64_1.1.100.202310310803/tools/bin/../lib/gcc/arm-none-eabi/11.3.1/../../../../arm-none-eabi/lib/thumb/v8-m.main+fp/hard/libc_nano.a(libc_a-mlock.o)
                              /Applications/STM32CubeIDE.app/Contents/Eclipse/plugins/com.st.stm32cube.ide.mcu.externaltools.gnu-tools-for-stm32.11.3.rel1.macos64_1.1.100.202310310803/tools/bin/../lib/gcc/arm-none-eabi/11.3.1/../../../../arm-none-eabi/lib/thumb/v8-m.main+fp/hard/libc_nano.a(libc_a-mallocr.o) (__malloc_lock)
/Applications/STM32CubeIDE.app/Contents/Eclipse/plugins/com.st.stm32cube.ide.mcu.externaltools.gnu-tools-for-stm32.11.3.rel1.macos64_1.1.100.202310310803/tools/bin/../lib/gcc/arm-none-eabi/11.3.1/../../../../arm-none-eabi/lib/thumb/v8-m.main+fp/hard/libc_nano.a(libc_a-sprintf.o)
                              ./Core/Src/dyn2.o (sprintf)
/Applications/STM32CubeIDE.app/Contents/Eclipse/plugins/com.st.stm32cube.ide.mcu.externaltools.gnu-tools-for-stm32.11.3.rel1.macos64_1.1.100.202310310803/tools/bin/../lib/gcc/arm-none-eabi/11.3.1/../../../../arm-none-eabi/lib/thumb/v8-m.main+fp/hard/libc_nano.a(libc_a-findfp.o)
                              /Applications/STM32CubeIDE.app/Contents/Eclipse/plugins/com.st.stm32cube.ide.mcu.externaltools.gnu-tools-for-stm32.11.3.rel1.macos64_1.1.100.202310310803/tools/bin/../lib/gcc/arm-none-eabi/11.3.1/../../../../arm-none-eabi/lib/thumb/v8-m.main+fp/hard/libc_nano.a(libc_a-exit.o) (__stdio_exit_handler)
/Applications/STM32CubeIDE.app/Contents/Eclipse/plugins/com.st.stm32cube.ide.mcu.externaltools.gnu-tools-for-stm32.11.3.rel1.macos64_1.1.100.202310310803/tools/bin/../lib/gcc/arm-none-eabi/11.3.1/../../../../arm-none-eabi/lib/thumb/v8-m.main+fp/hard/libc_nano.a(libc_a-fwalk.o)
                              /Applications/STM32CubeIDE.app/Contents/Eclipse/plugins/com.st.stm32cube.ide.mcu.externaltools.gnu-tools-for-stm32.11.3.rel1.macos64_1.1.100.202310310803/tools/bin/../lib/gcc/arm-none-eabi/11.3.1/../../../../arm-none-eabi/lib/thumb/v8-m.main+fp/hard/libc_nano.a(libc_a-findfp.o) (_fwalk_sglue)
/Applications/STM32CubeIDE.app/Contents/Eclipse/plugins/com.st.stm32cube.ide.mcu.externaltools.gnu-tools-for-stm32.11.3.rel1.macos64_1.1.100.202310310803/tools/bin/../lib/gcc/arm-none-eabi/11.3.1/../../../../arm-none-eabi/lib/thumb/v8-m.main+fp/hard/libc_nano.a(libc_a-memset.o)
                              /Applications/STM32CubeIDE.app/Contents/Eclipse/plugins/com.st.stm32cube.ide.mcu.externaltools.gnu-tools-for-stm32.11.3.rel1.macos64_1.1.100.202310310803/tools/bin/../lib/gcc/arm-none-eabi/11.3.1/../../../../arm-none-eabi/lib/thumb/v8-m.main+fp/hard/crt0.o (memset)
/Applications/STM32CubeIDE.app/Contents/Eclipse/plugins/com.st.stm32cube.ide.mcu.externaltools.gnu-tools-for-stm32.11.3.rel1.macos64_1.1.100.202310310803/tools/bin/../lib/gcc/arm-none-eabi/11.3.1/../../../../arm-none-eabi/lib/thumb/v8-m.main+fp/hard/libc_nano.a(libc_a-impure.o)
[...]
Memory Configuration

Name             Origin             Length             Attributes
RAM              0x0000000020000000 0x0000000000040000 xrw
SRAM4            0x0000000028000000 0x0000000000004000 xrw
FLASH            0x0000000008000000 0x0000000000080000 xr
*default*        0x0000000000000000 0xffffffffffffffff

Linker script and memory map

LOAD /Applications/STM32CubeIDE.app/Contents/Eclipse/plugins/com.st.stm32cube.ide.mcu.externaltools.gnu-tools-for-stm32.11.3.rel1.macos64_1.1.100.202310310803/tools/bin/../lib/gcc/arm-none-eabi/11.3.1/thumb/v8-m.main+fp/hard/crti.o
LOAD /Applications/STM32CubeIDE.app/Contents/Eclipse/plugins/com.st.stm32cube.ide.mcu.externaltools.gnu-tools-for-stm32.11.3.rel1.macos64_1.1.100.202310310803/tools/bin/../lib/gcc/arm-none-eabi/11.3.1/thumb/v8-m.main+fp/hard/crtbegin.o
LOAD /Applications/STM32CubeIDE.app/Contents/Eclipse/plugins/com.st.stm32cube.ide.mcu.externaltools.gnu-tools-for-stm32.11.3.rel1.macos64_1.1.100.202310310803/tools/bin/../lib/gcc/arm-none-eabi/11.3.1/../../../../arm-none-eabi/lib/thumb/v8-m.main+fp/hard/crt0.o
LOAD ./Core/Src/constants.o
LOAD ./Core/Src/dyn2.o
LOAD ./Core/Src/gpdma.o
LOAD ./Core/Src/gpio.o
LOAD ./Core/Src/icache.o
LOAD ./Core/Src/main.o
LOAD ./Core/Src/memorymap.o
LOAD ./Core/Src/spi.o
LOAD ./Core/Src/stepper.o
LOAD ./Core/Src/stm32u5xx_hal_msp.o
LOAD ./Core/Src/stm32u5xx_it.o
LOAD ./Core/Src/syscalls.o
LOAD ./Core/Src/sysmem.o
LOAD ./Core/Src/system_stm32u5xx.o
LOAD ./Core/Src/tim.o
LOAD ./Core/Src/tmc2590.o
LOAD ./Core/Src/usart.o
LOAD ./Core/Startup/startup_stm32u535retx.o
LOAD ./Drivers/STM32U5xx_HAL_Driver/Src/stm32u5xx_hal.o
LOAD ./Drivers/STM32U5xx_HAL_Driver/Src/stm32u5xx_hal_cortex.o
LOAD ./Drivers/STM32U5xx_HAL_Driver/Src/stm32u5xx_hal_dma.o
LOAD ./Drivers/STM32U5xx_HAL_Driver/Src/stm32u5xx_hal_dma_ex.o
LOAD ./Drivers/STM32U5xx_HAL_Driver/Src/stm32u5xx_hal_exti.o
LOAD ./Drivers/STM32U5xx_HAL_Driver/Src/stm32u5xx_hal_flash.o
LOAD ./Drivers/STM32U5xx_HAL_Driver/Src/stm32u5xx_hal_flash_ex.o
LOAD ./Drivers/STM32U5xx_HAL_Driver/Src/stm32u5xx_hal_gpio.o
LOAD ./Drivers/STM32U5xx_HAL_Driver/Src/stm32u5xx_hal_gtzc.o
LOAD ./Drivers/STM32U5xx_HAL_Driver/Src/stm32u5xx_hal_i2c.o
LOAD ./Drivers/STM32U5xx_HAL_Driver/Src/stm32u5xx_hal_i2c_ex.o
LOAD ./Drivers/STM32U5xx_HAL_Driver/Src/stm32u5xx_hal_icache.o
LOAD ./Drivers/STM32U5xx_HAL_Driver/Src/stm32u5xx_hal_pwr.o
LOAD ./Drivers/STM32U5xx_HAL_Driver/Src/stm32u5xx_hal_pwr_ex.o
LOAD ./Drivers/STM32U5xx_HAL_Driver/Src/stm32u5xx_hal_rcc.o
LOAD ./Drivers/STM32U5xx_HAL_Driver/Src/stm32u5xx_hal_rcc_ex.o
LOAD ./Drivers/STM32U5xx_HAL_Driver/Src/stm32u5xx_hal_spi.o
LOAD ./Drivers/STM32U5xx_HAL_Driver/Src/stm32u5xx_hal_spi_ex.o
LOAD ./Drivers/STM32U5xx_HAL_Driver/Src/stm32u5xx_hal_tim.o
LOAD ./Drivers/STM32U5xx_HAL_Driver/Src/stm32u5xx_hal_tim_ex.o
LOAD ./Drivers/STM32U5xx_HAL_Driver/Src/stm32u5xx_hal_uart.o
LOAD ./Drivers/STM32U5xx_HAL_Driver/Src/stm32u5xx_hal_uart_ex.o
START GROUP
LOAD /Applications/STM32CubeIDE.app/Contents/Eclipse/plugins/com.st.stm32cube.ide.mcu.externaltools.gnu-tools-for-stm32.11.3.rel1.macos64_1.1.100.202310310803/tools/bin/../lib/gcc/arm-none-eabi/11.3.1/../../../../arm-none-eabi/lib/thumb/v8-m.main+fp/hard/libc_nano.a
LOAD /Applications/STM32CubeIDE.app/Contents/Eclipse/plugins/com.st.stm32cube.ide.mcu.externaltools.gnu-tools-for-stm32.11.3.rel1.macos64_1.1.100.202310310803/tools/bin/../lib/gcc/arm-none-eabi/11.3.1/../../../../arm-none-eabi/lib/thumb/v8-m.main+fp/hard/libm.a
END GROUP
START GROUP
LOAD /Applications/STM32CubeIDE.app/Contents/Eclipse/plugins/com.st.stm32cube.ide.mcu.externaltools.gnu-tools-for-stm32.11.3.rel1.macos64_1.1.100.202310310803/tools/bin/../lib/gcc/arm-none-eabi/11.3.1/thumb/v8-m.main+fp/hard/libgcc.a
LOAD /Applications/STM32CubeIDE.app/Contents/Eclipse/plugins/com.st.stm32cube.ide.mcu.externaltools.gnu-tools-for-stm32.11.3.rel1.macos64_1.1.100.202310310803/tools/bin/../lib/gcc/arm-none-eabi/11.3.1/../../../../arm-none-eabi/lib/thumb/v8-m.main+fp/hard/libc_nano.a
END GROUP
START GROUP
LOAD /Applications/STM32CubeIDE.app/Contents/Eclipse/plugins/com.st.stm32cube.ide.mcu.externaltools.gnu-tools-for-stm32.11.3.rel1.macos64_1.1.100.202310310803/tools/bin/../lib/gcc/arm-none-eabi/11.3.1/thumb/v8-m.main+fp/hard/libgcc.a
LOAD /Applications/STM32CubeIDE.app/Contents/Eclipse/plugins/com.st.stm32cube.ide.mcu.externaltools.gnu-tools-for-stm32.11.3.rel1.macos64_1.1.100.202310310803/tools/bin/../lib/gcc/arm-none-eabi/11.3.1/../../../../arm-none-eabi/lib/thumb/v8-m.main+fp/hard/libc_nano.a
LOAD /Applications/STM32CubeIDE.app/Contents/Eclipse/plugins/com.st.stm32cube.ide.mcu.externaltools.gnu-tools-for-stm32.11.3.rel1.macos64_1.1.100.202310310803/tools/bin/../lib/gcc/arm-none-eabi/11.3.1/../../../../arm-none-eabi/lib/thumb/v8-m.main+fp/hard/libnosys.a
END GROUP
START GROUP
LOAD /Applications/STM32CubeIDE.app/Contents/Eclipse/plugins/com.st.stm32cube.ide.mcu.externaltools.gnu-tools-for-stm32.11.3.rel1.macos64_1.1.100.202310310803/tools/bin/../lib/gcc/arm-none-eabi/11.3.1/thumb/v8-m.main+fp/hard/libgcc.a
LOAD /Applications/STM32CubeIDE.app/Contents/Eclipse/plugins/com.st.stm32cube.ide.mcu.externaltools.gnu-tools-for-stm32.11.3.rel1.macos64_1.1.100.202310310803/tools/bin/../lib/gcc/arm-none-eabi/11.3.1/../../../../arm-none-eabi/lib/thumb/v8-m.main+fp/hard/libc_nano.a
LOAD /Applications/STM32CubeIDE.app/Contents/Eclipse/plugins/com.st.stm32cube.ide.mcu.externaltools.gnu-tools-for-stm32.11.3.rel1.macos64_1.1.100.202310310803/tools/bin/../lib/gcc/arm-none-eabi/11.3.1/../../../../arm-none-eabi/lib/thumb/v8-m.main+fp/hard/libnosys.a
END GROUP
LOAD /Applications/STM32CubeIDE.app/Contents/Eclipse/plugins/com.st.stm32cube.ide.mcu.externaltools.gnu-tools-for-stm32.11.3.rel1.macos64_1.1.100.202310310803/tools/bin/../lib/gcc/arm-none-eabi/11.3.1/thumb/v8-m.main+fp/hard/crtend.o
LOAD /Applications/STM32CubeIDE.app/Contents/Eclipse/plugins/com.st.stm32cube.ide.mcu.externaltools.gnu-tools-for-stm32.11.3.rel1.macos64_1.1.100.202310310803/tools/bin/../lib/gcc/arm-none-eabi/11.3.1/thumb/v8-m.main+fp/hard/crtn.o
                0x0000000020040000                _estack = (ORIGIN (RAM) + LENGTH (RAM))
                0x0000000000000200                _Min_Heap_Size = 0x200
                0x0000000000000400                _Min_Stack_Size = 0x400

.isr_vector     0x0000000008000000      0x238
 *(.isr_vector)
 .isr_vector    0x0000000008000000      0x238 ./Core/Startup/startup_stm32u535retx.o
                0x0000000008000000                g_pfnVectors

.text           0x0000000008000238     0x8bfc
 *(.text)
 .text          0x0000000008000238       0x40 /Applications/STM32CubeIDE.app/Contents/Eclipse/plugins/com.st.stm32cube.ide.mcu.externaltools.gnu-tools-for-stm32.11.3.rel1.macos64_1.1.100.202310310803/tools/bin/../lib/gcc/arm-none-eabi/11.3.1/thumb/v8-m.main+fp/hard/crtbegin.o
 .text          0x0000000008000278      0x378 /Applications/STM32CubeIDE.app/Contents/Eclipse/plugins/com.st.stm32cube.ide.mcu.externaltools.gnu-tools-for-stm32.11.3.rel1.macos64_1.1.100.202310310803/tools/bin/../lib/gcc/arm-none-eabi/11.3.1/thumb/v8-m.main+fp/hard/libgcc.a(_arm_addsubdf3.o)
                0x0000000008000278                __aeabi_drsub
                0x0000000008000280                __subdf3
                0x0000000008000280                __aeabi_dsub
                0x0000000008000284                __aeabi_dadd
                0x0000000008000284                __adddf3
                0x00000000080004fc                __aeabi_ui2d
                0x00000000080004fc                __floatunsidf
                0x000000000800051c                __floatsidf
                0x000000000800051c                __aeabi_i2d
                0x0000000008000540                __extendsfdf2
                0x0000000008000540                __aeabi_f2d
                0x0000000008000584                __aeabi_ul2d
                0x0000000008000584                __floatundidf
                0x0000000008000594                __aeabi_l2d
                0x0000000008000594                __floatdidf
 .text          0x00000000080005f0      0x424 /Applications/STM32CubeIDE.app/Contents/Eclipse/plugins/com.st.stm32cube.ide.mcu.externaltools.gnu-tools-for-stm32.11.3.rel1.macos64_1.1.100.202310310803/tools/bin/../lib/gcc/arm-none-eabi/11.3.1/thumb/v8-m.main+fp/hard/libgcc.a(_arm_muldivdf3.o)
                0x00000000080005f0                __aeabi_dmul
                0x00000000080005f0                __muldf3
                0x0000000008000844                __aeabi_ddiv
                0x0000000008000844                __divdf3
 .text          0x0000000008000a14       0x50 /Applications/STM32CubeIDE.app/Contents/Eclipse/plugins/com.st.stm32cube.ide.mcu.externaltools.gnu-tools-for-stm32.11.3.rel1.macos64_1.1.100.202310310803/tools/bin/../lib/gcc/arm-none-eabi/11.3.1/thumb/v8-m.main+fp/hard/libgcc.a(_arm_fixdfsi.o)
                0x0000000008000a14                __fixdfsi
                0x0000000008000a14                __aeabi_d2iz
 .text          0x0000000008000a64       0x30 /Applications/STM32CubeIDE.app/Contents/Eclipse/plugins/com.st.stm32cube.ide.mcu.externaltools.gnu-tools-for-stm32.11.3.rel1.macos64_1.1.100.202310310803/tools/bin/../lib/gcc/arm-none-eabi/11.3.1/thumb/v8-m.main+fp/hard/libgcc.a(_aeabi_uldivmod.o)
                0x0000000008000a64                __aeabi_uldivmod
 .text          0x0000000008000a94      0x2ec /Applications/STM32CubeIDE.app/Contents/Eclipse/plugins/com.st.stm32cube.ide.mcu.externaltools.gnu-tools-for-stm32.11.3.rel1.macos64_1.1.100.202310310803/tools/bin/../lib/gcc/arm-none-eabi/11.3.1/thumb/v8-m.main+fp/hard/libgcc.a(_udivmoddi4.o)
                0x0000000008000a94                __udivmoddi4
 .text          0x0000000008000d80        0x4 /Applications/STM32CubeIDE.app/Contents/Eclipse/plugins/com.st.stm32cube.ide.mcu.externaltools.gnu-tools-for-stm32.11.3.rel1.macos64_1.1.100.202310310803/tools/bin/../lib/gcc/arm-none-eabi/11.3.1/thumb/v8-m.main+fp/hard/libgcc.a(_dvmd_tls.o)
                0x0000000008000d80                __aeabi_ldiv0
                0x0000000008000d80                __aeabi_idiv0
 *(.text*)
 .text.dyn2_crc
                0x0000000008000d84       0xd8 ./Core/Src/dyn2.o
                0x0000000008000d84                dyn2_crc
 .text.dyn2_append_crc
                0x0000000008000e5c       0x4c ./Core/Src/dyn2.o
                0x0000000008000e5c                dyn2_append_crc
 .text.dyn2_send
                0x0000000008000ea8       0x40 ./Core/Src/dyn2.o
                0x0000000008000ea8                dyn2_send
 .text.dyn2_torque
                0x0000000008000ee8       0xb0 ./Core/Src/dyn2.o
                0x0000000008000ee8                dyn2_torque
 .text.MX_GPIO_Init
                0x0000000008000f98      0x144 ./Core/Src/gpio.o
                0x0000000008000f98                MX_GPIO_Init
 .text.MX_ICACHE_Init
                0x00000000080010dc       0x26 ./Core/Src/icache.o
                0x00000000080010dc                MX_ICACHE_Init
 *fill*         0x0000000008001102        0x2 
 .text.main     0x0000000008001104       0x80 ./Core/Src/main.o
                0x0000000008001104                main
 .text.SystemClock_Config
                0x0000000008001184       0x92 ./Core/Src/main.o
                0x0000000008001184                SystemClock_Config
 .text.Error_Handler
                0x0000000008001216        0xa ./Core/Src/main.o
                0x0000000008001216                Error_Handler
 .text.MX_SPI2_Init
                0x0000000008001220       0xe0 ./Core/Src/spi.o
                0x0000000008001220                MX_SPI2_Init
 .text.HAL_SPI_MspInit
                0x0000000008001300       0xd4 ./Core/Src/spi.o
                0x0000000008001300                HAL_SPI_MspInit
 .text.stepper_Init
                0x00000000080013d4       0x5c ./Core/Src/stepper.o
                0x00000000080013d4                stepper_Init
 .text.HAL_MspInit
                0x0000000008001430       0x34 ./Core/Src/stm32u5xx_hal_msp.o
                0x0000000008001430                HAL_MspInit
 .text.NMI_Handler
                0x0000000008001464        0x6 ./Core/Src/stm32u5xx_it.o
                0x0000000008001464                NMI_Handler
 .text.HardFault_Handler
                0x000000000800146a        0x6 ./Core/Src/stm32u5xx_it.o
                0x000000000800146a                HardFault_Handler
 .text.MemManage_Handler
                0x0000000008001470        0x6 ./Core/Src/stm32u5xx_it.o
                0x0000000008001470                MemManage_Handler
 .text.BusFault_Handler
                0x0000000008001476        0x6 ./Core/Src/stm32u5xx_it.o
                0x0000000008001476                BusFault_Handler
 .text.UsageFault_Handler
                0x000000000800147c        0x6 ./Core/Src/stm32u5xx_it.o
                0x000000000800147c                UsageFault_Handler
 .text.SVC_Handler
                0x0000000008001482        0xe ./Core/Src/stm32u5xx_it.o
                0x0000000008001482                SVC_Handler
 .text.DebugMon_Handler
                0x0000000008001490        0xe ./Core/Src/stm32u5xx_it.o
                0x0000000008001490                DebugMon_Handler
 .text.PendSV_Handler
                0x000000000800149e        0xe ./Core/Src/stm32u5xx_it.o
                0x000000000800149e                PendSV_Handler
 .text.SysTick_Handler
                0x00000000080014ac        0xc ./Core/Src/stm32u5xx_it.o
                0x00000000080014ac                SysTick_Handler
 .text.SystemInit
                0x00000000080014b8       0x70 ./Core/Src/system_stm32u5xx.o
                0x00000000080014b8                SystemInit
 .text.MX_TIM2_Init
                0x0000000008001528       0x98 ./Core/Src/tim.o
                0x0000000008001528                MX_TIM2_Init
 .text.MX_TIM3_Init
                0x00000000080015c0       0xb8 ./Core/Src/tim.o
                0x00000000080015c0                MX_TIM3_Init
 .text.HAL_TIM_Base_MspInit
                0x0000000008001678       0x40 ./Core/Src/tim.o
                0x0000000008001678                HAL_TIM_Base_MspInit
 .text.HAL_TIM_PWM_MspInit
                0x00000000080016b8       0x44 ./Core/Src/tim.o
                0x00000000080016b8                HAL_TIM_PWM_MspInit
 .text.HAL_TIM_MspPostInit
                0x00000000080016fc       0x74 ./Core/Src/tim.o
                0x00000000080016fc                HAL_TIM_MspPostInit
 .text.tmc2590_Init
                0x0000000008001770       0xe0 ./Core/Src/tmc2590.o
                0x0000000008001770                tmc2590_Init
 .text.tmc2590_SetnCS
                0x0000000008001850       0x24 ./Core/Src/tmc2590.o
                0x0000000008001850                tmc2590_SetnCS
 .text.tmc2590_SetPowerEnable
                0x0000000008001874       0x2a ./Core/Src/tmc2590.o
                0x0000000008001874                tmc2590_SetPowerEnable
 .text.tmc2590_TransmitReceive
                0x000000000800189e       0x46 ./Core/Src/tmc2590.o
                0x000000000800189e                tmc2590_TransmitReceive
 .text.tmc2590_SetTxBufferInt32
                0x00000000080018e4       0x32 ./Core/Src/tmc2590.o
                0x00000000080018e4                tmc2590_SetTxBufferInt32
 *fill*         0x0000000008001916        0x2 
 .text.sendOrderStepper
                0x0000000008001918      0x218 ./Core/Src/tmc2590.o
                0x0000000008001918                sendOrderStepper
 .text.MX_LPUART1_UART_Init
                0x0000000008001b30       0x94 ./Core/Src/usart.o
                0x0000000008001b30                MX_LPUART1_UART_Init
 .text.MX_UART4_Init
                0x0000000008001bc4       0x98 ./Core/Src/usart.o
                0x0000000008001bc4                MX_UART4_Init
 .text.MX_USART1_UART_Init
                0x0000000008001c5c       0x98 ./Core/Src/usart.o
                0x0000000008001c5c                MX_USART1_UART_Init
 .text.HAL_UART_MspInit
                0x0000000008001cf4      0x20c ./Core/Src/usart.o
                0x0000000008001cf4                HAL_UART_MspInit
 .text.Reset_Handler
                0x0000000008001f00       0x50 ./Core/Startup/startup_stm32u535retx.o
                0x0000000008001f00                Reset_Handler
 .text.Default_Handler
                0x0000000008001f50        0x2 ./Core/Startup/startup_stm32u535retx.o
                0x0000000008001f50                HASH_IRQHandler
                0x0000000008001f50                TIM8_TRG_COM_IRQHandler
                0x0000000008001f50                TIM8_CC_IRQHandler
                0x0000000008001f50                EXTI5_IRQHandler
                0x0000000008001f50                FLASH_S_IRQHandler
                0x0000000008001f50                EXTI13_IRQHandler
                0x0000000008001f50                TIM1_CC_IRQHandler
                0x0000000008001f50                TSC_IRQHandler
                0x0000000008001f50                TAMP_IRQHandler
                0x0000000008001f50                TIM6_IRQHandler
                0x0000000008001f50                EXTI12_IRQHandler
                0x0000000008001f50                CORDIC_IRQHandler
                0x0000000008001f50                EXTI3_IRQHandler
                0x0000000008001f50                LPTIM4_IRQHandler
                0x0000000008001f50                GPDMA1_Channel5_IRQHandler
                0x0000000008001f50                EXTI8_IRQHandler
                0x0000000008001f50                LPTIM2_IRQHandler
                0x0000000008001f50                I2C3_ER_IRQHandler
                0x0000000008001f50                PWR_S3WU_IRQHandler
                0x0000000008001f50                LPDMA1_Channel3_IRQHandler
                0x0000000008001f50                LPTIM3_IRQHandler
                0x0000000008001f50                EXTI0_IRQHandler
                0x0000000008001f50                I2C2_EV_IRQHandler
                0x0000000008001f50                FPU_IRQHandler
                0x0000000008001f50                GPDMA1_Channel3_IRQHandler
                0x0000000008001f50                GPDMA1_Channel7_IRQHandler
                0x0000000008001f50                FDCAN1_IT1_IRQHandler
                0x0000000008001f50                RAMCFG_IRQHandler
                0x0000000008001f50                GPDMA1_Channel9_IRQHandler
                0x0000000008001f50                DCACHE1_IRQHandler
                0x0000000008001f50                SPI1_IRQHandler
                0x0000000008001f50                OCTOSPI1_IRQHandler
                0x0000000008001f50                GPDMA1_Channel2_IRQHandler
                0x0000000008001f50                TIM8_UP_IRQHandler
                0x0000000008001f50                RCC_S_IRQHandler
                0x0000000008001f50                MDF1_FLT1_IRQHandler
                0x0000000008001f50                ADC1_IRQHandler
                0x0000000008001f50                EXTI15_IRQHandler
                0x0000000008001f50                TIM17_IRQHandler
                0x0000000008001f50                USART3_IRQHandler
                0x0000000008001f50                RTC_IRQHandler
                0x0000000008001f50                EXTI9_IRQHandler
                0x0000000008001f50                UART5_IRQHandler
                0x0000000008001f50                TIM4_IRQHandler
                0x0000000008001f50                I2C1_EV_IRQHandler
                0x0000000008001f50                GPDMA1_Channel12_IRQHandler
                0x0000000008001f50                GPDMA1_Channel1_IRQHandler
                0x0000000008001f50                TIM16_IRQHandler
                0x0000000008001f50                GPDMA1_Channel15_IRQHandler
                0x0000000008001f50                UART4_IRQHandler
                0x0000000008001f50                SecureFault_Handler
                0x0000000008001f50                TIM3_IRQHandler
                0x0000000008001f50                RCC_IRQHandler
                0x0000000008001f50                TIM1_TRG_COM_IRQHandler
                0x0000000008001f50                Default_Handler
                0x0000000008001f50                GPDMA1_Channel8_IRQHandler
                0x0000000008001f50                FMAC_IRQHandler
                0x0000000008001f50                GPDMA1_Channel11_IRQHandler
                0x0000000008001f50                TIM7_IRQHandler
                0x0000000008001f50                SDMMC1_IRQHandler
                0x0000000008001f50                TIM5_IRQHandler
                0x0000000008001f50                GPDMA1_Channel0_IRQHandler
                0x0000000008001f50                TIM15_IRQHandler
                0x0000000008001f50                I2C3_EV_IRQHandler
                0x0000000008001f50                USB_IRQHandler
                0x0000000008001f50                LPDMA1_Channel0_IRQHandler
                0x0000000008001f50                PVD_PVM_IRQHandler
                0x0000000008001f50                SPI2_IRQHandler
                0x0000000008001f50                LPDMA1_Channel1_IRQHandler
                0x0000000008001f50                EXTI14_IRQHandler
                0x0000000008001f50                EXTI11_IRQHandler
                0x0000000008001f50                CRS_IRQHandler
                0x0000000008001f50                GPDMA1_Channel14_IRQHandler
                0x0000000008001f50                LSECSSD_IRQHandler
                0x0000000008001f50                EXTI4_IRQHandler
                0x0000000008001f50                RTC_S_IRQHandler
                0x0000000008001f50                GPDMA1_Channel13_IRQHandler
                0x0000000008001f50                RNG_IRQHandler
                0x0000000008001f50                COMP_IRQHandler
                0x0000000008001f50                TIM1_UP_IRQHandler
                0x0000000008001f50                ADC4_IRQHandler
                0x0000000008001f50                WWDG_IRQHandler
                0x0000000008001f50                I2C4_EV_IRQHandler
                0x0000000008001f50                ADF1_IRQHandler
                0x0000000008001f50                IWDG_IRQHandler
                0x0000000008001f50                LPUART1_IRQHandler
                0x0000000008001f50                MDF1_FLT0_IRQHandler
                0x0000000008001f50                FDCAN1_IT0_IRQHandler
                0x0000000008001f50                TIM2_IRQHandler
                0x0000000008001f50                GPDMA1_Channel4_IRQHandler
                0x0000000008001f50                EXTI7_IRQHandler
                0x0000000008001f50                TIM1_BRK_IRQHandler
                0x0000000008001f50                EXTI1_IRQHandler
                0x0000000008001f50                DAC1_IRQHandler
                0x0000000008001f50                GTZC_IRQHandler
                0x0000000008001f50                GPDMA1_Channel6_IRQHandler
                0x0000000008001f50                I2C2_ER_IRQHandler
                0x0000000008001f50                TIM8_BRK_IRQHandler
                0x0000000008001f50                FLASH_IRQHandler
                0x0000000008001f50                USART1_IRQHandler
                0x0000000008001f50                EXTI10_IRQHandler
                0x0000000008001f50                SPI3_IRQHandler
                0x0000000008001f50                LPDMA1_Channel2_IRQHandler
                0x0000000008001f50                I2C1_ER_IRQHandler
                0x0000000008001f50                EXTI6_IRQHandler
                0x0000000008001f50                LPTIM1_IRQHandler
                0x0000000008001f50                DCMI_PSSI_IRQHandler
                0x0000000008001f50                I2C4_ER_IRQHandler
                0x0000000008001f50                GPDMA1_Channel10_IRQHandler
                0x0000000008001f50                ICACHE_IRQHandler
                0x0000000008001f50                SAI1_IRQHandler
                0x0000000008001f50                EXTI2_IRQHandler
 *fill*         0x0000000008001f52        0x2 
 .text.HAL_Init
                0x0000000008001f54       0x5c ./Drivers/STM32U5xx_HAL_Driver/Src/stm32u5xx_hal.o
                0x0000000008001f54                HAL_Init
 .text.HAL_InitTick
                0x0000000008001fb0       0x6c ./Drivers/STM32U5xx_HAL_Driver/Src/stm32u5xx_hal.o
                0x0000000008001fb0                HAL_InitTick
 .text.HAL_IncTick
                0x000000000800201c       0x28 ./Drivers/STM32U5xx_HAL_Driver/Src/stm32u5xx_hal.o
                0x000000000800201c                HAL_IncTick
 .text.HAL_GetTick
                0x0000000008002044       0x18 ./Drivers/STM32U5xx_HAL_Driver/Src/stm32u5xx_hal.o
                0x0000000008002044                HAL_GetTick
 .text.HAL_Delay
                0x000000000800205c       0x48 ./Drivers/STM32U5xx_HAL_Driver/Src/stm32u5xx_hal.o
                0x000000000800205c                HAL_Delay
 .text.__NVIC_SetPriorityGrouping
                0x00000000080020a4       0x48 ./Drivers/STM32U5xx_HAL_Driver/Src/stm32u5xx_hal_cortex.o
 .text.__NVIC_GetPriorityGrouping
                0x00000000080020ec       0x1c ./Drivers/STM32U5xx_HAL_Driver/Src/stm32u5xx_hal_cortex.o
 .text.__NVIC_SetPriority
                0x0000000008002108       0x54 ./Drivers/STM32U5xx_HAL_Driver/Src/stm32u5xx_hal_cortex.o
 .text.NVIC_EncodePriority
                0x000000000800215c       0x66 ./Drivers/STM32U5xx_HAL_Driver/Src/stm32u5xx_hal_cortex.o
 *fill*         0x00000000080021c2        0x2 
 .text.SysTick_Config
                0x00000000080021c4       0x44 ./Drivers/STM32U5xx_HAL_Driver/Src/stm32u5xx_hal_cortex.o
 .text.HAL_NVIC_SetPriorityGrouping
                0x0000000008002208       0x16 ./Drivers/STM32U5xx_HAL_Driver/Src/stm32u5xx_hal_cortex.o
                0x0000000008002208                HAL_NVIC_SetPriorityGrouping
 .text.HAL_NVIC_SetPriority
                0x000000000800221e       0x34 ./Drivers/STM32U5xx_HAL_Driver/Src/stm32u5xx_hal_cortex.o
                0x000000000800221e                HAL_NVIC_SetPriority
 .text.HAL_SYSTICK_Config
                0x0000000008002252       0x18 ./Drivers/STM32U5xx_HAL_Driver/Src/stm32u5xx_hal_cortex.o
                0x0000000008002252                HAL_SYSTICK_Config
 *fill*         0x000000000800226a        0x2 
 .text.HAL_GPIO_Init
                0x000000000800226c      0x3b0 ./Drivers/STM32U5xx_HAL_Driver/Src/stm32u5xx_hal_gpio.o
                0x000000000800226c                HAL_GPIO_Init
 .text.HAL_GPIO_ReadPin
                0x000000000800261c       0x30 ./Drivers/STM32U5xx_HAL_Driver/Src/stm32u5xx_hal_gpio.o
                0x000000000800261c                HAL_GPIO_ReadPin
 .text.HAL_GPIO_WritePin
                0x000000000800264c       0x30 ./Drivers/STM32U5xx_HAL_Driver/Src/stm32u5xx_hal_gpio.o
                0x000000000800264c                HAL_GPIO_WritePin
 .text.HAL_ICACHE_ConfigAssociativityMode
                0x000000000800267c       0x40 ./Drivers/STM32U5xx_HAL_Driver/Src/stm32u5xx_hal_icache.o
                0x000000000800267c                HAL_ICACHE_ConfigAssociativityMode
 .text.HAL_ICACHE_Enable
                0x00000000080026bc       0x20 ./Drivers/STM32U5xx_HAL_Driver/Src/stm32u5xx_hal_icache.o
                0x00000000080026bc                HAL_ICACHE_Enable
 .text.HAL_PWREx_ControlVoltageScaling
                0x00000000080026dc       0xfc ./Drivers/STM32U5xx_HAL_Driver/Src/stm32u5xx_hal_pwr_ex.o
                0x00000000080026dc                HAL_PWREx_ControlVoltageScaling
 .text.HAL_PWREx_GetVoltageRange
                0x00000000080027d8       0x1c ./Drivers/STM32U5xx_HAL_Driver/Src/stm32u5xx_hal_pwr_ex.o
                0x00000000080027d8                HAL_PWREx_GetVoltageRange
 .text.HAL_RCC_OscConfig
                0x00000000080027f4      0xdb8 ./Drivers/STM32U5xx_HAL_Driver/Src/stm32u5xx_hal_rcc.o
                0x00000000080027f4                HAL_RCC_OscConfig
 .text.HAL_RCC_ClockConfig
                0x00000000080035ac      0x3e4 ./Drivers/STM32U5xx_HAL_Driver/Src/stm32u5xx_hal_rcc.o
                0x00000000080035ac                HAL_RCC_ClockConfig
 .text.HAL_RCC_GetSysClockFreq
                0x0000000008003990      0x204 ./Drivers/STM32U5xx_HAL_Driver/Src/stm32u5xx_hal_rcc.o
                0x0000000008003990                HAL_RCC_GetSysClockFreq
 .text.HAL_RCC_GetHCLKFreq
                0x0000000008003b94       0x34 ./Drivers/STM32U5xx_HAL_Driver/Src/stm32u5xx_hal_rcc.o
                0x0000000008003b94                HAL_RCC_GetHCLKFreq
 .text.HAL_RCC_GetPCLK1Freq
                0x0000000008003bc8       0x28 ./Drivers/STM32U5xx_HAL_Driver/Src/stm32u5xx_hal_rcc.o
                0x0000000008003bc8                HAL_RCC_GetPCLK1Freq
 .text.HAL_RCC_GetPCLK2Freq
                0x0000000008003bf0       0x28 ./Drivers/STM32U5xx_HAL_Driver/Src/stm32u5xx_hal_rcc.o
                0x0000000008003bf0                HAL_RCC_GetPCLK2Freq
 .text.HAL_RCC_GetPCLK3Freq
                0x0000000008003c18       0x28 ./Drivers/STM32U5xx_HAL_Driver/Src/stm32u5xx_hal_rcc.o
                0x0000000008003c18                HAL_RCC_GetPCLK3Freq
 .text.RCC_SetFlashLatencyFromMSIRange
                0x0000000008003c40      0x10c ./Drivers/STM32U5xx_HAL_Driver/Src/stm32u5xx_hal_rcc.o
 .text.HAL_RCCEx_PeriphCLKConfig
                0x0000000008003d4c      0xa44 ./Drivers/STM32U5xx_HAL_Driver/Src/stm32u5xx_hal_rcc_ex.o
                0x0000000008003d4c                HAL_RCCEx_PeriphCLKConfig
 .text.HAL_RCCEx_GetPLL1ClockFreq
                0x0000000008004790      0x2b4 ./Drivers/STM32U5xx_HAL_Driver/Src/stm32u5xx_hal_rcc_ex.o
                0x0000000008004790                HAL_RCCEx_GetPLL1ClockFreq
 .text.HAL_RCCEx_GetPLL2ClockFreq
                0x0000000008004a44      0x2b4 ./Drivers/STM32U5xx_HAL_Driver/Src/stm32u5xx_hal_rcc_ex.o
                0x0000000008004a44                HAL_RCCEx_GetPLL2ClockFreq
 .text.HAL_RCCEx_GetPLL3ClockFreq
                0x0000000008004cf8      0x2b4 ./Drivers/STM32U5xx_HAL_Driver/Src/stm32u5xx_hal_rcc_ex.o
                0x0000000008004cf8                HAL_RCCEx_GetPLL3ClockFreq
 .text.HAL_RCCEx_GetPeriphCLKFreq
                0x0000000008004fac     0x1228 ./Drivers/STM32U5xx_HAL_Driver/Src/stm32u5xx_hal_rcc_ex.o
                0x0000000008004fac                HAL_RCCEx_GetPeriphCLKFreq
 .text.RCCEx_PLL2_Config
                0x00000000080061d4      0x130 ./Drivers/STM32U5xx_HAL_Driver/Src/stm32u5xx_hal_rcc_ex.o
 .text.RCCEx_PLL3_Config
                0x0000000008006304      0x130 ./Drivers/STM32U5xx_HAL_Driver/Src/stm32u5xx_hal_rcc_ex.o
 .text.HAL_SPI_Init
                0x0000000008006434      0x22c ./Drivers/STM32U5xx_HAL_Driver/Src/stm32u5xx_hal_spi.o
                0x0000000008006434                HAL_SPI_Init
 .text.HAL_SPI_TransmitReceive
                0x0000000008006660      0x47c ./Drivers/STM32U5xx_HAL_Driver/Src/stm32u5xx_hal_spi.o
                0x0000000008006660                HAL_SPI_TransmitReceive
 .text.SPI_CloseTransfer
                0x0000000008006adc      0x140 ./Drivers/STM32U5xx_HAL_Driver/Src/stm32u5xx_hal_spi.o
 .text.SPI_WaitOnFlagUntilTimeout
                0x0000000008006c1c       0x5c ./Drivers/STM32U5xx_HAL_Driver/Src/stm32u5xx_hal_spi.o
 .text.SPI_GetPacketSize
                0x0000000008006c78       0x36 ./Drivers/STM32U5xx_HAL_Driver/Src/stm32u5xx_hal_spi.o
 .text.HAL_SPIEx_SetConfigAutonomousMode
                0x0000000008006cae       0x82 ./Drivers/STM32U5xx_HAL_Driver/Src/stm32u5xx_hal_spi_ex.o
                0x0000000008006cae                HAL_SPIEx_SetConfigAutonomousMode
 .text.HAL_TIM_Base_Init
                0x0000000008006d30       0xae ./Drivers/STM32U5xx_HAL_Driver/Src/stm32u5xx_hal_tim.o
                0x0000000008006d30                HAL_TIM_Base_Init
 *fill*         0x0000000008006dde        0x2 
 .text.HAL_TIM_Base_Start_IT
                0x0000000008006de0      0x140 ./Drivers/STM32U5xx_HAL_Driver/Src/stm32u5xx_hal_tim.o
                0x0000000008006de0                HAL_TIM_Base_Start_IT
 .text.HAL_TIM_PWM_Init
                0x0000000008006f20       0xae ./Drivers/STM32U5xx_HAL_Driver/Src/stm32u5xx_hal_tim.o
                0x0000000008006f20                HAL_TIM_PWM_Init
 *fill*         0x0000000008006fce        0x2 
 .text.HAL_TIM_PWM_ConfigChannel
                0x0000000008006fd0      0x228 ./Drivers/STM32U5xx_HAL_Driver/Src/stm32u5xx_hal_tim.o
                0x0000000008006fd0                HAL_TIM_PWM_ConfigChannel
 .text.HAL_TIM_ConfigClockSource
                0x00000000080071f8      0x204 ./Drivers/STM32U5xx_HAL_Driver/Src/stm32u5xx_hal_tim.o
                0x00000000080071f8                HAL_TIM_ConfigClockSource
 .text.TIM_Base_SetConfig
                0x00000000080073fc      0x1f4 ./Drivers/STM32U5xx_HAL_Driver/Src/stm32u5xx_hal_tim.o
                0x00000000080073fc                TIM_Base_SetConfig
 .text.TIM_OC1_SetConfig
                0x00000000080075f0      0x184 ./Drivers/STM32U5xx_HAL_Driver/Src/stm32u5xx_hal_tim.o
 .text.TIM_OC2_SetConfig
                0x0000000008007774      0x160 ./Drivers/STM32U5xx_HAL_Driver/Src/stm32u5xx_hal_tim.o
                0x0000000008007774                TIM_OC2_SetConfig
 .text.TIM_OC3_SetConfig
                0x00000000080078d4      0x15c ./Drivers/STM32U5xx_HAL_Driver/Src/stm32u5xx_hal_tim.o
 .text.TIM_OC4_SetConfig
                0x0000000008007a30      0x160 ./Drivers/STM32U5xx_HAL_Driver/Src/stm32u5xx_hal_tim.o
 .text.TIM_OC5_SetConfig
                0x0000000008007b90      0x104 ./Drivers/STM32U5xx_HAL_Driver/Src/stm32u5xx_hal_tim.o
 .text.TIM_OC6_SetConfig
                0x0000000008007c94      0x108 ./Drivers/STM32U5xx_HAL_Driver/Src/stm32u5xx_hal_tim.o
 .text.TIM_TI1_ConfigInputStage
                0x0000000008007d9c       0x5e ./Drivers/STM32U5xx_HAL_Driver/Src/stm32u5xx_hal_tim.o
 .text.TIM_TI2_ConfigInputStage
                0x0000000008007dfa       0x60 ./Drivers/STM32U5xx_HAL_Driver/Src/stm32u5xx_hal_tim.o
 .text.TIM_ITRx_SetConfig
                0x0000000008007e5a       0x3a ./Drivers/STM32U5xx_HAL_Driver/Src/stm32u5xx_hal_tim.o
 .text.TIM_ETR_SetConfig
                0x0000000008007e94       0x40 ./Drivers/STM32U5xx_HAL_Driver/Src/stm32u5xx_hal_tim.o
                0x0000000008007e94                TIM_ETR_SetConfig
 .text.HAL_TIMEx_MasterConfigSynchronization
                0x0000000008007ed4      0x184 ./Drivers/STM32U5xx_HAL_Driver/Src/stm32u5xx_hal_tim_ex.o
                0x0000000008007ed4                HAL_TIMEx_MasterConfigSynchronization
 .text.HAL_UART_Init
                0x0000000008008058       0xa0 ./Drivers/STM32U5xx_HAL_Driver/Src/stm32u5xx_hal_uart.o
                0x0000000008008058                HAL_UART_Init
 .text.HAL_HalfDuplex_Init
                0x00000000080080f8       0xb0 ./Drivers/STM32U5xx_HAL_Driver/Src/stm32u5xx_hal_uart.o
                0x00000000080080f8                HAL_HalfDuplex_Init
 .text.HAL_UART_Transmit
                0x00000000080081a8      0x11c ./Drivers/STM32U5xx_HAL_Driver/Src/stm32u5xx_hal_uart.o
                0x00000000080081a8                HAL_UART_Transmit
 .text.HAL_HalfDuplex_EnableTransmitter
                0x00000000080082c4       0xa8 ./Drivers/STM32U5xx_HAL_Driver/Src/stm32u5xx_hal_uart.o
                0x00000000080082c4                HAL_HalfDuplex_EnableTransmitter
 .text.HAL_HalfDuplex_EnableReceiver
                0x000000000800836c       0xa8 ./Drivers/STM32U5xx_HAL_Driver/Src/stm32u5xx_hal_uart.o
                0x000000000800836c                HAL_HalfDuplex_EnableReceiver
 .text.HAL_UART_GetState
                0x0000000008008414       0x2a ./Drivers/STM32U5xx_HAL_Driver/Src/stm32u5xx_hal_uart.o
                0x0000000008008414                HAL_UART_GetState
 *fill*         0x000000000800843e        0x2 
 .text.UART_SetConfig
                0x0000000008008440      0x330 ./Drivers/STM32U5xx_HAL_Driver/Src/stm32u5xx_hal_uart.o
                0x0000000008008440                UART_SetConfig
 .text.UART_AdvFeatureConfig
                0x0000000008008770      0x144 ./Drivers/STM32U5xx_HAL_Driver/Src/stm32u5xx_hal_uart.o
                0x0000000008008770                UART_AdvFeatureConfig
 .text.UART_CheckIdleState
                0x00000000080088b4      0x154 ./Drivers/STM32U5xx_HAL_Driver/Src/stm32u5xx_hal_uart.o
                0x00000000080088b4                UART_CheckIdleState
 .text.UART_WaitOnFlagUntilTimeout
                0x0000000008008a08       0xce ./Drivers/STM32U5xx_HAL_Driver/Src/stm32u5xx_hal_uart.o
                0x0000000008008a08                UART_WaitOnFlagUntilTimeout
 .text.UART_EndRxTransfer
                0x0000000008008ad6       0xcc ./Drivers/STM32U5xx_HAL_Driver/Src/stm32u5xx_hal_uart.o
 .text.HAL_UARTEx_DisableFifoMode
                0x0000000008008ba2       0x72 ./Drivers/STM32U5xx_HAL_Driver/Src/stm32u5xx_hal_uart_ex.o
                0x0000000008008ba2                HAL_UARTEx_DisableFifoMode
 .text.HAL_UARTEx_SetTxFifoThreshold
                0x0000000008008c14       0x7c ./Drivers/STM32U5xx_HAL_Driver/Src/stm32u5xx_hal_uart_ex.o
                0x0000000008008c14                HAL_UARTEx_SetTxFifoThreshold
 .text.HAL_UARTEx_SetRxFifoThreshold
                0x0000000008008c90       0x7c ./Drivers/STM32U5xx_HAL_Driver/Src/stm32u5xx_hal_uart_ex.o
                0x0000000008008c90                HAL_UARTEx_SetRxFifoThreshold
 .text.UARTEx_SetNbDataToProcess
                0x0000000008008d0c       0x9c ./Drivers/STM32U5xx_HAL_Driver/Src/stm32u5xx_hal_uart_ex.o
 .text.memset   0x0000000008008da8       0x10 /Applications/STM32CubeIDE.app/Contents/Eclipse/plugins/com.st.stm32cube.ide.mcu.externaltools.gnu-tools-for-stm32.11.3.rel1.macos64_1.1.100.202310310803/tools/bin/../lib/gcc/arm-none-eabi/11.3.1/../../../../arm-none-eabi/lib/thumb/v8-m.main+fp/hard/libc_nano.a(libc_a-memset.o)
                0x0000000008008da8                memset
 .text.__libc_init_array
                0x0000000008008db8       0x48 /Applications/STM32CubeIDE.app/Contents/Eclipse/plugins/com.st.stm32cube.ide.mcu.externaltools.gnu-tools-for-stm32.11.3.rel1.macos64_1.1.100.202310310803/tools/bin/../lib/gcc/arm-none-eabi/11.3.1/../../../../arm-none-eabi/lib/thumb/v8-m.main+fp/hard/libc_nano.a(libc_a-init.o)
                0x0000000008008db8                __libc_init_array
 .text.memcpy   0x0000000008008e00       0x1a /Applications/STM32CubeIDE.app/Contents/Eclipse/plugins/com.st.stm32cube.ide.mcu.externaltools.gnu-tools-for-stm32.11.3.rel1.macos64_1.1.100.202310310803/tools/bin/../lib/gcc/arm-none-eabi/11.3.1/../../../../arm-none-eabi/lib/thumb/v8-m.main+fp/hard/libc_nano.a(libc_a-memcpy-stub.o)
                0x0000000008008e00                memcpy
 *(.glue_7)
 .glue_7        0x0000000008008e1a        0x0 linker stubs
 *(.glue_7t)
 .glue_7t       0x0000000008008e1a        0x0 linker stubs
 *(.eh_frame)
 *fill*         0x0000000008008e1a        0x2 
 .eh_frame      0x0000000008008e1c        0x0 /Applications/STM32CubeIDE.app/Contents/Eclipse/plugins/com.st.stm32cube.ide.mcu.externaltools.gnu-tools-for-stm32.11.3.rel1.macos64_1.1.100.202310310803/tools/bin/../lib/gcc/arm-none-eabi/11.3.1/thumb/v8-m.main+fp/hard/crtbegin.o
 *(.init)
 .init          0x0000000008008e1c        0x4 /Applications/STM32CubeIDE.app/Contents/Eclipse/plugins/com.st.stm32cube.ide.mcu.externaltools.gnu-tools-for-stm32.11.3.rel1.macos64_1.1.100.202310310803/tools/bin/../lib/gcc/arm-none-eabi/11.3.1/thumb/v8-m.main+fp/hard/crti.o
                0x0000000008008e1c                _init
 .init          0x0000000008008e20        0x8 /Applications/STM32CubeIDE.app/Contents/Eclipse/plugins/com.st.stm32cube.ide.mcu.externaltools.gnu-tools-for-stm32.11.3.rel1.macos64_1.1.100.202310310803/tools/bin/../lib/gcc/arm-none-eabi/11.3.1/thumb/v8-m.main+fp/hard/crtn.o
 *(.fini)
 .fini          0x0000000008008e28        0x4 /Applications/STM32CubeIDE.app/Contents/Eclipse/plugins/com.st.stm32cube.ide.mcu.externaltools.gnu-tools-for-stm32.11.3.rel1.macos64_1.1.100.202310310803/tools/bin/../lib/gcc/arm-none-eabi/11.3.1/thumb/v8-m.main+fp/hard/crti.o
                0x0000000008008e28                _fini
 .fini          0x0000000008008e2c        0x8 /Applications/STM32CubeIDE.app/Contents/Eclipse/plugins/com.st.stm32cube.ide.mcu.externaltools.gnu-tools-for-stm32.11.3.rel1.macos64_1.1.100.202310310803/tools/bin/../lib/gcc/arm-none-eabi/11.3.1/thumb/v8-m.main+fp/hard/crtn.o
                0x0000000008008e34                _etext = .

.vfp11_veneer   0x0000000008008e34        0x0
 .vfp11_veneer  0x0000000008008e34        0x0 linker stubs

.v4_bx          0x0000000008008e34        0x0
 .v4_bx         0x0000000008008e34        0x0 linker stubs

.iplt           0x0000000008008e34        0x0
 .iplt          0x0000000008008e34        0x0 /Applications/STM32CubeIDE.app/Contents/Eclipse/plugins/com.st.stm32cube.ide.mcu.externaltools.gnu-tools-for-stm32.11.3.rel1.macos64_1.1.100.202310310803/tools/bin/../lib/gcc/arm-none-eabi/11.3.1/thumb/v8-m.main+fp/hard/crtbegin.o

.rodata         0x0000000008008e34      0x43c
 *(.rodata)
 .rodata        0x0000000008008e34      0x224 ./Core/Src/dyn2.o
 .rodata        0x0000000008009058        0x9 ./Core/Src/stepper.o
 *(.rodata*)
 .rodata.WRITE  0x0000000008009061        0x1 ./Core/Src/constants.o
                0x0000000008009061                WRITE
 .rodata.HEADER_1
                0x0000000008009062        0x1 ./Core/Src/constants.o
                0x0000000008009062                HEADER_1
 .rodata.HEADER_2
                0x0000000008009063        0x1 ./Core/Src/constants.o
                0x0000000008009063                HEADER_2
 .rodata.HEADER_3
                0x0000000008009064        0x1 ./Core/Src/constants.o
                0x0000000008009064                HEADER_3
 .rodata.HEADER_4
                0x0000000008009065        0x1 ./Core/Src/constants.o
                0x0000000008009065                HEADER_4
 .rodata.ADDRESS_TORQUE
                0x0000000008009066        0x1 ./Core/Src/constants.o
                0x0000000008009066                ADDRESS_TORQUE
 *fill*         0x0000000008009067        0x1 
 .rodata.ERROR_TORQUE_VALUE
                0x0000000008009068        0x4 ./Core/Src/constants.o
                0x0000000008009068                ERROR_TORQUE_VALUE
 .rodata.TORQUE_ON
                0x000000000800906c        0x1 ./Core/Src/constants.o
                0x000000000800906c                TORQUE_ON
 .rodata.TORQUE_OFF
                0x000000000800906d        0x1 ./Core/Src/constants.o
                0x000000000800906d                TORQUE_OFF
 *fill*         0x000000000800906e        0x2 
 .rodata.AHBPrescTable
                0x0000000008009070       0x10 ./Core/Src/system_stm32u5xx.o
                0x0000000008009070                AHBPrescTable
 .rodata.APBPrescTable
                0x0000000008009080        0x8 ./Core/Src/system_stm32u5xx.o
                0x0000000008009080                APBPrescTable
 .rodata.MSIRangeTable
                0x0000000008009088       0x40 ./Core/Src/system_stm32u5xx.o
                0x0000000008009088                MSIRangeTable
 .rodata.sinTable
                0x00000000080090c8      0x100 ./Core/Src/tmc2590.o
                0x00000000080090c8                sinTable
 .rodata.LPGPIO_Map
                0x00000000080091c8       0x80 ./Drivers/STM32U5xx_HAL_Driver/Src/stm32u5xx_hal_gpio.o
 .rodata.UARTPrescTable
                0x0000000008009248       0x18 ./Drivers/STM32U5xx_HAL_Driver/Src/stm32u5xx_hal_uart.o
                0x0000000008009248                UARTPrescTable
 .rodata.numerator.1
                0x0000000008009260        0x8 ./Drivers/STM32U5xx_HAL_Driver/Src/stm32u5xx_hal_uart_ex.o
 .rodata.denominator.0
                0x0000000008009268        0x8 ./Drivers/STM32U5xx_HAL_Driver/Src/stm32u5xx_hal_uart_ex.o

.ARM.extab
 *(.ARM.extab* .gnu.linkonce.armextab.*)

.ARM            0x0000000008009270        0x8
                0x0000000008009270                __exidx_start = .
 *(.ARM.exidx*)
 .ARM.exidx     0x0000000008009270        0x8 /Applications/STM32CubeIDE.app/Contents/Eclipse/plugins/com.st.stm32cube.ide.mcu.externaltools.gnu-tools-for-stm32.11.3.rel1.macos64_1.1.100.202310310803/tools/bin/../lib/gcc/arm-none-eabi/11.3.1/thumb/v8-m.main+fp/hard/libgcc.a(_udivmoddi4.o)
                0x0000000008009278                __exidx_end = .

.rel.dyn        0x0000000008009278        0x0
 .rel.iplt      0x0000000008009278        0x0 /Applications/STM32CubeIDE.app/Contents/Eclipse/plugins/com.st.stm32cube.ide.mcu.externaltools.gnu-tools-for-stm32.11.3.rel1.macos64_1.1.100.202310310803/tools/bin/../lib/gcc/arm-none-eabi/11.3.1/thumb/v8-m.main+fp/hard/crtbegin.o

.preinit_array  0x0000000008009278        0x0
                0x0000000008009278                PROVIDE (__preinit_array_start = .)
 *(.preinit_array*)
                0x0000000008009278                PROVIDE (__preinit_array_end = .)

.init_array     0x0000000008009278        0x4
                0x0000000008009278                PROVIDE (__init_array_start = .)
 *(SORT_BY_NAME(.init_array.*))
 *(.init_array*)
 .init_array    0x0000000008009278        0x4 /Applications/STM32CubeIDE.app/Contents/Eclipse/plugins/com.st.stm32cube.ide.mcu.externaltools.gnu-tools-for-stm32.11.3.rel1.macos64_1.1.100.202310310803/tools/bin/../lib/gcc/arm-none-eabi/11.3.1/thumb/v8-m.main+fp/hard/crtbegin.o
                0x000000000800927c                PROVIDE (__init_array_end = .)

.fini_array     0x000000000800927c        0x4
                [!provide]                        PROVIDE (__fini_array_start = .)
 *(SORT_BY_NAME(.fini_array.*))
 *(.fini_array*)
 .fini_array    0x000000000800927c        0x4 /Applications/STM32CubeIDE.app/Contents/Eclipse/plugins/com.st.stm32cube.ide.mcu.externaltools.gnu-tools-for-stm32.11.3.rel1.macos64_1.1.100.202310310803/tools/bin/../lib/gcc/arm-none-eabi/11.3.1/thumb/v8-m.main+fp/hard/crtbegin.o
                [!provide]                        PROVIDE (__fini_array_end = .)
                0x0000000008009280                _sidata = LOADADDR (.data)

.data           0x0000000020000000        0x9 load address 0x0000000008009280
                0x0000000020000000                _sdata = .
 *(.data)
 *(.data*)
 .data.SystemCoreClock
                0x0000000020000000        0x4 ./Core/Src/system_stm32u5xx.o
                0x0000000020000000                SystemCoreClock
 .data.uwTickPrio
                0x0000000020000004        0x4 ./Drivers/STM32U5xx_HAL_Driver/Src/stm32u5xx_hal.o
                0x0000000020000004                uwTickPrio
 .data.uwTickFreq
                0x0000000020000008        0x1 ./Drivers/STM32U5xx_HAL_Driver/Src/stm32u5xx_hal.o
                0x0000000020000008                uwTickFreq
 *(.RamFunc)
 *(.RamFunc*)
                0x0000000020000009                _edata = .

.igot.plt       0x000000002000000c        0x0 load address 0x0000000008009289
 .igot.plt      0x000000002000000c        0x0 /Applications/STM32CubeIDE.app/Contents/Eclipse/plugins/com.st.stm32cube.ide.mcu.externaltools.gnu-tools-for-stm32.11.3.rel1.macos64_1.1.100.202310310803/tools/bin/../lib/gcc/arm-none-eabi/11.3.1/thumb/v8-m.main+fp/hard/crtbegin.o

.bss            0x000000002000000c      0x348 load address 0x0000000008009289
                0x000000002000000c                _sbss = .
                0x000000002000000c                __bss_start__ = _sbss
 *(.bss)
 .bss           0x000000002000000c       0x1c /Applications/STM32CubeIDE.app/Contents/Eclipse/plugins/com.st.stm32cube.ide.mcu.externaltools.gnu-tools-for-stm32.11.3.rel1.macos64_1.1.100.202310310803/tools/bin/../lib/gcc/arm-none-eabi/11.3.1/thumb/v8-m.main+fp/hard/crtbegin.o
 *(.bss*)
 .bss.hspi2     0x0000000020000028       0x90 ./Core/Src/spi.o
                0x0000000020000028                hspi2
 .bss.htim2     0x00000000200000b8       0x4c ./Core/Src/tim.o
                0x00000000200000b8                htim2
 .bss.htim3     0x0000000020000104       0x4c ./Core/Src/tim.o
                0x0000000020000104                htim3
 .bss.htmc2590  0x0000000020000150       0x34 ./Core/Src/tmc2590.o
                0x0000000020000150                htmc2590
 .bss.perioedElapsed_IT
                0x0000000020000184        0x1 ./Core/Src/tmc2590.o
                0x0000000020000184                perioedElapsed_IT
 *fill*         0x0000000020000185        0x3 
 .bss.index_sin_loop
                0x0000000020000188        0x4 ./Core/Src/tmc2590.o
                0x0000000020000188                index_sin_loop
 .bss.currentCoilA
                0x000000002000018c        0x1 ./Core/Src/tmc2590.o
                0x000000002000018c                currentCoilA
 .bss.currentCoilB
                0x000000002000018d        0x1 ./Core/Src/tmc2590.o
                0x000000002000018d                currentCoilB
 .bss.polarityCoilA
                0x000000002000018e        0x1 ./Core/Src/tmc2590.o
                0x000000002000018e                polarityCoilA
 .bss.polarityCoilB
                0x000000002000018f        0x1 ./Core/Src/tmc2590.o
                0x000000002000018f                polarityCoilB
 .bss.drvCtrlCommand
                0x0000000020000190        0x4 ./Core/Src/tmc2590.o
                0x0000000020000190                drvCtrlCommand
 .bss.hlpuart1  0x0000000020000194       0x94 ./Core/Src/usart.o
                0x0000000020000194                hlpuart1
 .bss.huart4    0x0000000020000228       0x94 ./Core/Src/usart.o
                0x0000000020000228                huart4
 .bss.huart1    0x00000000200002bc       0x94 ./Core/Src/usart.o
                0x00000000200002bc                huart1
 .bss.uwTick    0x0000000020000350        0x4 ./Drivers/STM32U5xx_HAL_Driver/Src/stm32u5xx_hal.o
                0x0000000020000350                uwTick
 *(COMMON)
                0x0000000020000354                _ebss = .
                0x0000000020000354                __bss_end__ = _ebss

._user_heap_stack
                0x0000000020000354      0x604 load address 0x0000000008009289
                0x0000000020000358                . = ALIGN (0x8)
 *fill*         0x0000000020000354        0x4 
                [!provide]                        PROVIDE (end = .)
                0x0000000020000358                PROVIDE (_end = .)
                0x0000000020000558                . = (. + _Min_Heap_Size)
 *fill*         0x0000000020000358      0x200 
                0x0000000020000958                . = (. + _Min_Stack_Size)
 *fill*         0x0000000020000558      0x400 
                0x0000000020000958                . = ALIGN (0x8)

/DISCARD/
 libc.a(*)
 libm.a(*)
 libgcc.a(*)

.ARM.attributes
                0x0000000000000000       0x36
 *(.ARM.attributes)
 .ARM.attributes
                0x0000000000000000       0x22 /Applications/STM32CubeIDE.app/Contents/Eclipse/plugins/com.st.stm32cube.ide.mcu.externaltools.gnu-tools-for-stm32.11.3.rel1.macos64_1.1.100.202310310803/tools/bin/../lib/gcc/arm-none-eabi/11.3.1/thumb/v8-m.main+fp/hard/crti.o
 .ARM.attributes
                0x0000000000000022       0x38 /Applications/STM32CubeIDE.app/Contents/Eclipse/plugins/com.st.stm32cube.ide.mcu.externaltools.gnu-tools-for-stm32.11.3.rel1.macos64_1.1.100.202310310803/tools/bin/../lib/gcc/arm-none-eabi/11.3.1/thumb/v8-m.main+fp/hard/crtbegin.o
 .ARM.attributes
                0x000000000000005a       0x3a ./Core/Src/constants.o
 .ARM.attributes
                0x0000000000000094       0x3a ./Core/Src/dyn2.o
 .ARM.attributes
                0x00000000000000ce       0x3a ./Core/Src/gpio.o
 .ARM.attributes
                0x0000000000000108       0x3a ./Core/Src/icache.o
 .ARM.attributes
                0x0000000000000142       0x3a ./Core/Src/main.o
 .ARM.attributes
                0x000000000000017c       0x3a ./Core/Src/spi.o
 .ARM.attributes
                0x00000000000001b6       0x3a ./Core/Src/stepper.o
 .ARM.attributes
                0x00000000000001f0       0x3a ./Core/Src/stm32u5xx_hal_msp.o
 .ARM.attributes
                0x000000000000022a       0x3a ./Core/Src/stm32u5xx_it.o
 .ARM.attributes
                0x0000000000000264       0x3a ./Core/Src/system_stm32u5xx.o
 .ARM.attributes
                0x000000000000029e       0x3a ./Core/Src/tim.o
 .ARM.attributes
                0x00000000000002d8       0x3a ./Core/Src/tmc2590.o
 .ARM.attributes
                0x0000000000000312       0x3a ./Core/Src/usart.o
 .ARM.attributes
                0x000000000000034c       0x24 ./Core/Startup/startup_stm32u535retx.o
 .ARM.attributes
                0x0000000000000370       0x3a ./Drivers/STM32U5xx_HAL_Driver/Src/stm32u5xx_hal.o
 .ARM.attributes
                0x00000000000003aa       0x3a ./Drivers/STM32U5xx_HAL_Driver/Src/stm32u5xx_hal_cortex.o
 .ARM.attributes
                0x00000000000003e4       0x3a ./Drivers/STM32U5xx_HAL_Driver/Src/stm32u5xx_hal_gpio.o
 .ARM.attributes
                0x000000000000041e       0x3a ./Drivers/STM32U5xx_HAL_Driver/Src/stm32u5xx_hal_icache.o
 .ARM.attributes
                0x0000000000000458       0x3a ./Drivers/STM32U5xx_HAL_Driver/Src/stm32u5xx_hal_pwr_ex.o
 .ARM.attributes
                0x0000000000000492       0x3a ./Drivers/STM32U5xx_HAL_Driver/Src/stm32u5xx_hal_rcc.o
 .ARM.attributes
                0x00000000000004cc       0x3a ./Drivers/STM32U5xx_HAL_Driver/Src/stm32u5xx_hal_rcc_ex.o
 .ARM.attributes
                0x0000000000000506       0x3a ./Drivers/STM32U5xx_HAL_Driver/Src/stm32u5xx_hal_spi.o
 .ARM.attributes
                0x0000000000000540       0x3a ./Drivers/STM32U5xx_HAL_Driver/Src/stm32u5xx_hal_spi_ex.o
 .ARM.attributes
                0x000000000000057a       0x3a ./Drivers/STM32U5xx_HAL_Driver/Src/stm32u5xx_hal_tim.o
 .ARM.attributes
                0x00000000000005b4       0x3a ./Drivers/STM32U5xx_HAL_Driver/Src/stm32u5xx_hal_tim_ex.o
 .ARM.attributes
                0x00000000000005ee       0x3a ./Drivers/STM32U5xx_HAL_Driver/Src/stm32u5xx_hal_uart.o
 .ARM.attributes
                0x0000000000000628       0x3a ./Drivers/STM32U5xx_HAL_Driver/Src/stm32u5xx_hal_uart_ex.o
 .ARM.attributes
                0x0000000000000662       0x38 /Applications/STM32CubeIDE.app/Contents/Eclipse/plugins/com.st.stm32cube.ide.mcu.externaltools.gnu-tools-for-stm32.11.3.rel1.macos64_1.1.100.202310310803/tools/bin/../lib/gcc/arm-none-eabi/11.3.1/../../../../arm-none-eabi/lib/thumb/v8-m.main+fp/hard/libc_nano.a(libc_a-memset.o)
 .ARM.attributes
                0x000000000000069a       0x38 /Applications/STM32CubeIDE.app/Contents/Eclipse/plugins/com.st.stm32cube.ide.mcu.externaltools.gnu-tools-for-stm32.11.3.rel1.macos64_1.1.100.202310310803/tools/bin/../lib/gcc/arm-none-eabi/11.3.1/../../../../arm-none-eabi/lib/thumb/v8-m.main+fp/hard/libc_nano.a(libc_a-init.o)
 .ARM.attributes
                0x00000000000006d2       0x38 /Applications/STM32CubeIDE.app/Contents/Eclipse/plugins/com.st.stm32cube.ide.mcu.externaltools.gnu-tools-for-stm32.11.3.rel1.macos64_1.1.100.202310310803/tools/bin/../lib/gcc/arm-none-eabi/11.3.1/../../../../arm-none-eabi/lib/thumb/v8-m.main+fp/hard/libc_nano.a(libc_a-memcpy-stub.o)
 .ARM.attributes
                0x000000000000070a       0x22 /Applications/STM32CubeIDE.app/Contents/Eclipse/plugins/com.st.stm32cube.ide.mcu.externaltools.gnu-tools-for-stm32.11.3.rel1.macos64_1.1.100.202310310803/tools/bin/../lib/gcc/arm-none-eabi/11.3.1/thumb/v8-m.main+fp/hard/libgcc.a(_arm_addsubdf3.o)
 .ARM.attributes
                0x000000000000072c       0x22 /Applications/STM32CubeIDE.app/Contents/Eclipse/plugins/com.st.stm32cube.ide.mcu.externaltools.gnu-tools-for-stm32.11.3.rel1.macos64_1.1.100.202310310803/tools/bin/../lib/gcc/arm-none-eabi/11.3.1/thumb/v8-m.main+fp/hard/libgcc.a(_arm_muldivdf3.o)
 .ARM.attributes
                0x000000000000074e       0x22 /Applications/STM32CubeIDE.app/Contents/Eclipse/plugins/com.st.stm32cube.ide.mcu.externaltools.gnu-tools-for-stm32.11.3.rel1.macos64_1.1.100.202310310803/tools/bin/../lib/gcc/arm-none-eabi/11.3.1/thumb/v8-m.main+fp/hard/libgcc.a(_arm_fixdfsi.o)
 .ARM.attributes
                0x0000000000000770       0x22 /Applications/STM32CubeIDE.app/Contents/Eclipse/plugins/com.st.stm32cube.ide.mcu.externaltools.gnu-tools-for-stm32.11.3.rel1.macos64_1.1.100.202310310803/tools/bin/../lib/gcc/arm-none-eabi/11.3.1/thumb/v8-m.main+fp/hard/libgcc.a(_aeabi_uldivmod.o)
 .ARM.attributes
                0x0000000000000792       0x38 /Applications/STM32CubeIDE.app/Contents/Eclipse/plugins/com.st.stm32cube.ide.mcu.externaltools.gnu-tools-for-stm32.11.3.rel1.macos64_1.1.100.202310310803/tools/bin/../lib/gcc/arm-none-eabi/11.3.1/thumb/v8-m.main+fp/hard/libgcc.a(_udivmoddi4.o)
 .ARM.attributes
                0x00000000000007ca       0x22 /Applications/STM32CubeIDE.app/Contents/Eclipse/plugins/com.st.stm32cube.ide.mcu.externaltools.gnu-tools-for-stm32.11.3.rel1.macos64_1.1.100.202310310803/tools/bin/../lib/gcc/arm-none-eabi/11.3.1/thumb/v8-m.main+fp/hard/libgcc.a(_dvmd_tls.o)
 .ARM.attributes
                0x00000000000007ec       0x22 /Applications/STM32CubeIDE.app/Contents/Eclipse/plugins/com.st.stm32cube.ide.mcu.externaltools.gnu-tools-for-stm32.11.3.rel1.macos64_1.1.100.202310310803/tools/bin/../lib/gcc/arm-none-eabi/11.3.1/thumb/v8-m.main+fp/hard/crtn.o
OUTPUT(Projet_Eve.elf elf32-littlearm)
LOAD linker stubs
LOAD /Applications/STM32CubeIDE.app/Contents/Eclipse/plugins/com.st.stm32cube.ide.mcu.externaltools.gnu-tools-for-stm32.11.3.rel1.macos64_1.1.100.202310310803/tools/bin/../lib/gcc/arm-none-eabi/11.3.1/../../../../arm-none-eabi/lib/thumb/v8-m.main+fp/hard/libc.a
LOAD /Applications/STM32CubeIDE.app/Contents/Eclipse/plugins/com.st.stm32cube.ide.mcu.externaltools.gnu-tools-for-stm32.11.3.rel1.macos64_1.1.100.202310310803/tools/bin/../lib/gcc/arm-none-eabi/11.3.1/../../../../arm-none-eabi/lib/thumb/v8-m.main+fp/hard/libm.a
LOAD /Applications/STM32CubeIDE.app/Contents/Eclipse/plugins/com.st.stm32cube.ide.mcu.externaltools.gnu-tools-for-stm32.11.3.rel1.macos64_1.1.100.202310310803/tools/bin/../lib/gcc/arm-none-eabi/11.3.1/thumb/v8-m.main+fp/hard/libgcc.a

.comment        0x0000000000000000       0x43
 .comment       0x0000000000000000       0x43 /Applications/STM32CubeIDE.app/Contents/Eclipse/plugins/com.st.stm32cube.ide.mcu.externaltools.gnu-tools-for-stm32.11.3.rel1.macos64_1.1.100.202310310803/tools/bin/../lib/gcc/arm-none-eabi/11.3.1/thumb/v8-m.main+fp/hard/crtbegin.o
                                         0x44 (size before relaxing)
 .comment       0x0000000000000043       0x44 ./Core/Src/constants.o
 .comment       0x0000000000000043       0x44 ./Core/Src/dyn2.o
 .comment       0x0000000000000043       0x44 ./Core/Src/gpio.o
 .comment       0x0000000000000043       0x44 ./Core/Src/icache.o
 .comment       0x0000000000000043       0x44 ./Core/Src/main.o
 .comment       0x0000000000000043       0x44 ./Core/Src/spi.o
 .comment       0x0000000000000043       0x44 ./Core/Src/stepper.o
 .comment       0x0000000000000043       0x44 ./Core/Src/stm32u5xx_hal_msp.o
 .comment       0x0000000000000043       0x44 ./Core/Src/stm32u5xx_it.o
 .comment       0x0000000000000043       0x44 ./Core/Src/system_stm32u5xx.o
 .comment       0x0000000000000043       0x44 ./Core/Src/tim.o
 .comment       0x0000000000000043       0x44 ./Core/Src/tmc2590.o
 .comment       0x0000000000000043       0x44 ./Core/Src/usart.o
 .comment       0x0000000000000043       0x44 ./Drivers/STM32U5xx_HAL_Driver/Src/stm32u5xx_hal.o
 .comment       0x0000000000000043       0x44 ./Drivers/STM32U5xx_HAL_Driver/Src/stm32u5xx_hal_cortex.o
 .comment       0x0000000000000043       0x44 ./Drivers/STM32U5xx_HAL_Driver/Src/stm32u5xx_hal_gpio.o
 .comment       0x0000000000000043       0x44 ./Drivers/STM32U5xx_HAL_Driver/Src/stm32u5xx_hal_icache.o
 .comment       0x0000000000000043       0x44 ./Drivers/STM32U5xx_HAL_Driver/Src/stm32u5xx_hal_pwr_ex.o
 .comment       0x0000000000000043       0x44 ./Drivers/STM32U5xx_HAL_Driver/Src/stm32u5xx_hal_rcc.o
 .comment       0x0000000000000043       0x44 ./Drivers/STM32U5xx_HAL_Driver/Src/stm32u5xx_hal_rcc_ex.o
 .comment       0x0000000000000043       0x44 ./Drivers/STM32U5xx_HAL_Driver/Src/stm32u5xx_hal_spi.o
 .comment       0x0000000000000043       0x44 ./Drivers/STM32U5xx_HAL_Driver/Src/stm32u5xx_hal_spi_ex.o
 .comment       0x0000000000000043       0x44 ./Drivers/STM32U5xx_HAL_Driver/Src/stm32u5xx_hal_tim.o
 .comment       0x0000000000000043       0x44 ./Drivers/STM32U5xx_HAL_Driver/Src/stm32u5xx_hal_tim_ex.o
 .comment       0x0000000000000043       0x44 ./Drivers/STM32U5xx_HAL_Driver/Src/stm32u5xx_hal_uart.o
 .comment       0x0000000000000043       0x44 ./Drivers/STM32U5xx_HAL_Driver/Src/stm32u5xx_hal_uart_ex.o

.debug_info     0x0000000000000000    0x1bad6
 .debug_info    0x0000000000000000      0x2a5 ./Core/Src/constants.o
 .debug_info    0x00000000000002a5      0xe35 ./Core/Src/dyn2.o
 .debug_info    0x00000000000010da      0x5f4 ./Core/Src/gpio.o
 .debug_info    0x00000000000016ce      0x114 ./Core/Src/icache.o
 .debug_info    0x00000000000017e2      0xe50 ./Core/Src/main.o
 .debug_info    0x0000000000002632     0x1235 ./Core/Src/spi.o
 .debug_info    0x0000000000003867      0xadf ./Core/Src/stepper.o
 .debug_info    0x0000000000004346      0x40c ./Core/Src/stm32u5xx_hal_msp.o
 .debug_info    0x0000000000004752      0x128 ./Core/Src/stm32u5xx_it.o
 .debug_info    0x000000000000487a      0x929 ./Core/Src/system_stm32u5xx.o
 .debug_info    0x00000000000051a3     0x1134 ./Core/Src/tim.o
 .debug_info    0x00000000000062d7     0x179e ./Core/Src/tmc2590.o
 .debug_info    0x0000000000007a75     0x12bf ./Core/Src/usart.o
 .debug_info    0x0000000000008d34       0x23 ./Core/Startup/startup_stm32u535retx.o
 .debug_info    0x0000000000008d57     0x10b5 ./Drivers/STM32U5xx_HAL_Driver/Src/stm32u5xx_hal.o
 .debug_info    0x0000000000009e0c     0x159e ./Drivers/STM32U5xx_HAL_Driver/Src/stm32u5xx_hal_cortex.o
 .debug_info    0x000000000000b3aa      0x859 ./Drivers/STM32U5xx_HAL_Driver/Src/stm32u5xx_hal_gpio.o
 .debug_info    0x000000000000bc03      0x53a ./Drivers/STM32U5xx_HAL_Driver/Src/stm32u5xx_hal_icache.o
 .debug_info    0x000000000000c13d      0xddc ./Drivers/STM32U5xx_HAL_Driver/Src/stm32u5xx_hal_pwr_ex.o
 .debug_info    0x000000000000cf19     0x114d ./Drivers/STM32U5xx_HAL_Driver/Src/stm32u5xx_hal_rcc.o
 .debug_info    0x000000000000e066     0x155d ./Drivers/STM32U5xx_HAL_Driver/Src/stm32u5xx_hal_rcc_ex.o
 .debug_info    0x000000000000f5c3     0x15cc ./Drivers/STM32U5xx_HAL_Driver/Src/stm32u5xx_hal_spi.o
 .debug_info    0x0000000000010b8f      0xa97 ./Drivers/STM32U5xx_HAL_Driver/Src/stm32u5xx_hal_spi_ex.o
 .debug_info    0x0000000000011626     0x2e54 ./Drivers/STM32U5xx_HAL_Driver/Src/stm32u5xx_hal_tim.o
 .debug_info    0x000000000001447a     0x1efe ./Drivers/STM32U5xx_HAL_Driver/Src/stm32u5xx_hal_tim_ex.o
 .debug_info    0x0000000000016378     0x456e ./Drivers/STM32U5xx_HAL_Driver/Src/stm32u5xx_hal_uart.o
 .debug_info    0x000000000001a8e6     0x11f0 ./Drivers/STM32U5xx_HAL_Driver/Src/stm32u5xx_hal_uart_ex.o

.debug_abbrev   0x0000000000000000     0x35d8
 .debug_abbrev  0x0000000000000000       0x52 ./Core/Src/constants.o
 .debug_abbrev  0x0000000000000052      0x22b ./Core/Src/dyn2.o
 .debug_abbrev  0x000000000000027d      0x179 ./Core/Src/gpio.o
 .debug_abbrev  0x00000000000003f6       0xb6 ./Core/Src/icache.o
 .debug_abbrev  0x00000000000004ac      0x255 ./Core/Src/main.o
 .debug_abbrev  0x0000000000000701      0x230 ./Core/Src/spi.o
 .debug_abbrev  0x0000000000000931      0x1b8 ./Core/Src/stepper.o
 .debug_abbrev  0x0000000000000ae9       0xde ./Core/Src/stm32u5xx_hal_msp.o
 .debug_abbrev  0x0000000000000bc7       0x73 ./Core/Src/stm32u5xx_it.o
 .debug_abbrev  0x0000000000000c3a      0x129 ./Core/Src/system_stm32u5xx.o
 .debug_abbrev  0x0000000000000d63      0x255 ./Core/Src/tim.o
 .debug_abbrev  0x0000000000000fb8      0x2a3 ./Core/Src/tmc2590.o
 .debug_abbrev  0x000000000000125b      0x247 ./Core/Src/usart.o
 .debug_abbrev  0x00000000000014a2       0x12 ./Core/Startup/startup_stm32u535retx.o
 .debug_abbrev  0x00000000000014b4      0x290 ./Drivers/STM32U5xx_HAL_Driver/Src/stm32u5xx_hal.o
 .debug_abbrev  0x0000000000001744      0x30d ./Drivers/STM32U5xx_HAL_Driver/Src/stm32u5xx_hal_cortex.o
 .debug_abbrev  0x0000000000001a51      0x25a ./Drivers/STM32U5xx_HAL_Driver/Src/stm32u5xx_hal_gpio.o
 .debug_abbrev  0x0000000000001cab      0x23b ./Drivers/STM32U5xx_HAL_Driver/Src/stm32u5xx_hal_icache.o
 .debug_abbrev  0x0000000000001ee6      0x215 ./Drivers/STM32U5xx_HAL_Driver/Src/stm32u5xx_hal_pwr_ex.o
 .debug_abbrev  0x00000000000020fb      0x2c9 ./Drivers/STM32U5xx_HAL_Driver/Src/stm32u5xx_hal_rcc.o
 .debug_abbrev  0x00000000000023c4      0x23d ./Drivers/STM32U5xx_HAL_Driver/Src/stm32u5xx_hal_rcc_ex.o
 .debug_abbrev  0x0000000000002601      0x2b3 ./Drivers/STM32U5xx_HAL_Driver/Src/stm32u5xx_hal_spi.o
 .debug_abbrev  0x00000000000028b4      0x1c7 ./Drivers/STM32U5xx_HAL_Driver/Src/stm32u5xx_hal_spi_ex.o
 .debug_abbrev  0x0000000000002a7b      0x2bd ./Drivers/STM32U5xx_HAL_Driver/Src/stm32u5xx_hal_tim.o
 .debug_abbrev  0x0000000000002d38      0x2c7 ./Drivers/STM32U5xx_HAL_Driver/Src/stm32u5xx_hal_tim_ex.o
 .debug_abbrev  0x0000000000002fff      0x305 ./Drivers/STM32U5xx_HAL_Driver/Src/stm32u5xx_hal_uart.o
 .debug_abbrev  0x0000000000003304      0x2d4 ./Drivers/STM32U5xx_HAL_Driver/Src/stm32u5xx_hal_uart_ex.o

.debug_aranges  0x0000000000000000     0x15a0
 .debug_aranges
                0x0000000000000000       0x18 ./Core/Src/constants.o
 .debug_aranges
                0x0000000000000018       0x68 ./Core/Src/dyn2.o
 .debug_aranges
                0x0000000000000080       0x20 ./Core/Src/gpio.o
 .debug_aranges
                0x00000000000000a0       0x20 ./Core/Src/icache.o
 .debug_aranges
                0x00000000000000c0       0x30 ./Core/Src/main.o
 .debug_aranges
                0x00000000000000f0       0x30 ./Core/Src/spi.o
 .debug_aranges
                0x0000000000000120       0x20 ./Core/Src/stepper.o
 .debug_aranges
                0x0000000000000140       0x20 ./Core/Src/stm32u5xx_hal_msp.o
 .debug_aranges
                0x0000000000000160       0x60 ./Core/Src/stm32u5xx_it.o
 .debug_aranges
                0x00000000000001c0       0x28 ./Core/Src/system_stm32u5xx.o
 .debug_aranges
                0x00000000000001e8       0x50 ./Core/Src/tim.o
 .debug_aranges
                0x0000000000000238       0x68 ./Core/Src/tmc2590.o
 .debug_aranges
                0x00000000000002a0       0x40 ./Core/Src/usart.o
 .debug_aranges
                0x00000000000002e0       0x28 ./Core/Startup/startup_stm32u535retx.o
 .debug_aranges
                0x0000000000000308      0x138 ./Drivers/STM32U5xx_HAL_Driver/Src/stm32u5xx_hal.o
 .debug_aranges
                0x0000000000000440      0x130 ./Drivers/STM32U5xx_HAL_Driver/Src/stm32u5xx_hal_cortex.o
 .debug_aranges
                0x0000000000000570       0x78 ./Drivers/STM32U5xx_HAL_Driver/Src/stm32u5xx_hal_gpio.o
 .debug_aranges
                0x00000000000005e8       0xa8 ./Drivers/STM32U5xx_HAL_Driver/Src/stm32u5xx_hal_icache.o
 .debug_aranges
                0x0000000000000690      0x1e0 ./Drivers/STM32U5xx_HAL_Driver/Src/stm32u5xx_hal_pwr_ex.o
 .debug_aranges
                0x0000000000000870       0xa8 ./Drivers/STM32U5xx_HAL_Driver/Src/stm32u5xx_hal_rcc.o
 .debug_aranges
                0x0000000000000918      0x160 ./Drivers/STM32U5xx_HAL_Driver/Src/stm32u5xx_hal_rcc_ex.o
 .debug_aranges
                0x0000000000000a78      0x1a8 ./Drivers/STM32U5xx_HAL_Driver/Src/stm32u5xx_hal_spi.o
 .debug_aranges
                0x0000000000000c20       0x48 ./Drivers/STM32U5xx_HAL_Driver/Src/stm32u5xx_hal_spi_ex.o
 .debug_aranges
                0x0000000000000c68      0x3e8 ./Drivers/STM32U5xx_HAL_Driver/Src/stm32u5xx_hal_tim.o
 .debug_aranges
                0x0000000000001050      0x250 ./Drivers/STM32U5xx_HAL_Driver/Src/stm32u5xx_hal_tim_ex.o
 .debug_aranges
                0x00000000000012a0      0x248 ./Drivers/STM32U5xx_HAL_Driver/Src/stm32u5xx_hal_uart.o
 .debug_aranges
                0x00000000000014e8       0xb8 ./Drivers/STM32U5xx_HAL_Driver/Src/stm32u5xx_hal_uart_ex.o

.debug_macro    0x0000000000000000    0x2f4db
 .debug_macro   0x0000000000000000      0x34a ./Core/Src/constants.o
 .debug_macro   0x000000000000034a      0xaae ./Core/Src/constants.o
 .debug_macro   0x0000000000000df8      0x1f2 ./Core/Src/constants.o
 .debug_macro   0x0000000000000fea       0x2e ./Core/Src/constants.o
 .debug_macro   0x0000000000001018       0x42 ./Core/Src/constants.o
 .debug_macro   0x000000000000105a       0x22 ./Core/Src/constants.o
 .debug_macro   0x000000000000107c       0x8e ./Core/Src/constants.o
 .debug_macro   0x000000000000110a       0x51 ./Core/Src/constants.o
 .debug_macro   0x000000000000115b      0x103 ./Core/Src/constants.o
 .debug_macro   0x000000000000125e       0x6a ./Core/Src/constants.o
 .debug_macro   0x00000000000012c8      0x1df ./Core/Src/constants.o
 .debug_macro   0x00000000000014a7       0x1c ./Core/Src/constants.o
 .debug_macro   0x00000000000014c3       0x29 ./Core/Src/constants.o
 .debug_macro   0x00000000000014ec       0xfb ./Core/Src/constants.o
 .debug_macro   0x00000000000015e7     0x1685 ./Core/Src/constants.o
 .debug_macro   0x0000000000002c6c       0x5e ./Core/Src/constants.o
 .debug_macro   0x0000000000002cca    0x1d3f2 ./Core/Src/constants.o
 .debug_macro   0x00000000000200bc       0x6d ./Core/Src/constants.o
 .debug_macro   0x0000000000020129     0x385e ./Core/Src/constants.o
 .debug_macro   0x0000000000023987      0x174 ./Core/Src/constants.o
 .debug_macro   0x0000000000023afb       0x61 ./Core/Src/constants.o
 .debug_macro   0x0000000000023b5c       0x2a ./Core/Src/constants.o
 .debug_macro   0x0000000000023b86       0x43 ./Core/Src/constants.o
 .debug_macro   0x0000000000023bc9       0x34 ./Core/Src/constants.o
 .debug_macro   0x0000000000023bfd       0x16 ./Core/Src/constants.o
 .debug_macro   0x0000000000023c13       0x43 ./Core/Src/constants.o
 .debug_macro   0x0000000000023c56       0x34 ./Core/Src/constants.o
 .debug_macro   0x0000000000023c8a       0x10 ./Core/Src/constants.o
 .debug_macro   0x0000000000023c9a       0x58 ./Core/Src/constants.o
 .debug_macro   0x0000000000023cf2       0x8e ./Core/Src/constants.o
 .debug_macro   0x0000000000023d80       0x1c ./Core/Src/constants.o
 .debug_macro   0x0000000000023d9c      0x177 ./Core/Src/constants.o
 .debug_macro   0x0000000000023f13      0x369 ./Core/Src/constants.o
 .debug_macro   0x000000000002427c      0x19b ./Core/Src/constants.o
 .debug_macro   0x0000000000024417       0x5d ./Core/Src/constants.o
 .debug_macro   0x0000000000024474     0x1853 ./Core/Src/constants.o
 .debug_macro   0x0000000000025cc7      0x773 ./Core/Src/constants.o
 .debug_macro   0x000000000002643a      0x15f ./Core/Src/constants.o
 .debug_macro   0x0000000000026599      0x250 ./Core/Src/constants.o
 .debug_macro   0x00000000000267e9       0xc8 ./Core/Src/constants.o
 .debug_macro   0x00000000000268b1      0x574 ./Core/Src/constants.o
 .debug_macro   0x0000000000026e25      0x440 ./Core/Src/constants.o
 .debug_macro   0x0000000000027265       0xd6 ./Core/Src/constants.o
 .debug_macro   0x000000000002733b      0x1cd ./Core/Src/constants.o
 .debug_macro   0x0000000000027508      0x42b ./Core/Src/constants.o
 .debug_macro   0x0000000000027933       0x95 ./Core/Src/constants.o
 .debug_macro   0x00000000000279c8      0x11c ./Core/Src/constants.o
 .debug_macro   0x0000000000027ae4      0x517 ./Core/Src/constants.o
 .debug_macro   0x0000000000027ffb      0x448 ./Core/Src/constants.o
 .debug_macro   0x0000000000028443      0x5cf ./Core/Src/constants.o
 .debug_macro   0x0000000000028a12       0xee ./Core/Src/constants.o
 .debug_macro   0x0000000000028b00       0xd6 ./Core/Src/constants.o
 .debug_macro   0x0000000000028bd6      0xbcc ./Core/Src/constants.o
 .debug_macro   0x00000000000297a2      0x4ea ./Core/Src/constants.o
 .debug_macro   0x0000000000029c8c      0x677 ./Core/Src/constants.o
 .debug_macro   0x000000000002a303      0x1a1 ./Core/Src/constants.o
 .debug_macro   0x000000000002a4a4      0x1b8 ./Core/Src/constants.o
 .debug_macro   0x000000000002a65c      0x361 ./Core/Src/constants.o
 .debug_macro   0x000000000002a9bd      0x118 ./Core/Src/constants.o
 .debug_macro   0x000000000002aad5       0x1c ./Core/Src/constants.o
 .debug_macro   0x000000000002aaf1       0x35 ./Core/Src/constants.o
 .debug_macro   0x000000000002ab26       0x10 ./Core/Src/constants.o
 .debug_macro   0x000000000002ab36       0x1c ./Core/Src/constants.o
 .debug_macro   0x000000000002ab52       0x16 ./Core/Src/constants.o
 .debug_macro   0x000000000002ab68      0x147 ./Core/Src/constants.o
 .debug_macro   0x000000000002acaf       0x16 ./Core/Src/constants.o
 .debug_macro   0x000000000002acc5       0x20 ./Core/Src/constants.o
 .debug_macro   0x000000000002ace5       0x16 ./Core/Src/constants.o
 .debug_macro   0x000000000002acfb       0x16 ./Core/Src/constants.o
 .debug_macro   0x000000000002ad11       0x29 ./Core/Src/constants.o
 .debug_macro   0x000000000002ad3a      0x355 ./Core/Src/dyn2.o
 .debug_macro   0x000000000002b08f       0x1c ./Core/Src/dyn2.o
 .debug_macro   0x000000000002b0ab      0x2aa ./Core/Src/gpio.o
 .debug_macro   0x000000000002b355      0x2aa ./Core/Src/icache.o
 .debug_macro   0x000000000002b5ff      0x3ac ./Core/Src/main.o
 .debug_macro   0x000000000002b9ab       0x76 ./Core/Src/main.o
 .debug_macro   0x000000000002ba21      0x2aa ./Core/Src/spi.o
 .debug_macro   0x000000000002bccb      0x30f ./Core/Src/stepper.o
 .debug_macro   0x000000000002bfda      0x2a0 ./Core/Src/stm32u5xx_hal_msp.o
 .debug_macro   0x000000000002c27a      0x2aa ./Core/Src/stm32u5xx_it.o
 .debug_macro   0x000000000002c524      0x298 ./Core/Src/system_stm32u5xx.o
 .debug_macro   0x000000000002c7bc      0x2aa ./Core/Src/tim.o
 .debug_macro   0x000000000002ca66      0x343 ./Core/Src/tmc2590.o
 .debug_macro   0x000000000002cda9      0x2aa ./Core/Src/usart.o
 .debug_macro   0x000000000002d053      0x2b5 ./Drivers/STM32U5xx_HAL_Driver/Src/stm32u5xx_hal.o
 .debug_macro   0x000000000002d308      0x291 ./Drivers/STM32U5xx_HAL_Driver/Src/stm32u5xx_hal_cortex.o
 .debug_macro   0x000000000002d599      0x2c6 ./Drivers/STM32U5xx_HAL_Driver/Src/stm32u5xx_hal_gpio.o
 .debug_macro   0x000000000002d85f      0x2c1 ./Drivers/STM32U5xx_HAL_Driver/Src/stm32u5xx_hal_icache.o
 .debug_macro   0x000000000002db20      0x2bc ./Drivers/STM32U5xx_HAL_Driver/Src/stm32u5xx_hal_pwr_ex.o
 .debug_macro   0x000000000002dddc      0x397 ./Drivers/STM32U5xx_HAL_Driver/Src/stm32u5xx_hal_rcc.o
 .debug_macro   0x000000000002e173      0x3ae ./Drivers/STM32U5xx_HAL_Driver/Src/stm32u5xx_hal_rcc_ex.o
 .debug_macro   0x000000000002e521      0x2a0 ./Drivers/STM32U5xx_HAL_Driver/Src/stm32u5xx_hal_spi.o
 .debug_macro   0x000000000002e7c1      0x291 ./Drivers/STM32U5xx_HAL_Driver/Src/stm32u5xx_hal_spi_ex.o
 .debug_macro   0x000000000002ea52      0x299 ./Drivers/STM32U5xx_HAL_Driver/Src/stm32u5xx_hal_tim.o
 .debug_macro   0x000000000002eceb      0x297 ./Drivers/STM32U5xx_HAL_Driver/Src/stm32u5xx_hal_tim_ex.o
 .debug_macro   0x000000000002ef82      0x2bc ./Drivers/STM32U5xx_HAL_Driver/Src/stm32u5xx_hal_uart.o
 .debug_macro   0x000000000002f23e      0x29d ./Drivers/STM32U5xx_HAL_Driver/Src/stm32u5xx_hal_uart_ex.o

.debug_line     0x0000000000000000    0x1dc66
 .debug_line    0x0000000000000000      0x8c0 ./Core/Src/constants.o
 .debug_line    0x00000000000008c0      0xb2d ./Core/Src/dyn2.o
 .debug_line    0x00000000000013ed      0x8a4 ./Core/Src/gpio.o
 .debug_line    0x0000000000001c91      0x879 ./Core/Src/icache.o
 .debug_line    0x000000000000250a      0x9e0 ./Core/Src/main.o
 .debug_line    0x0000000000002eea      0x920 ./Core/Src/spi.o
 .debug_line    0x000000000000380a      0x8da ./Core/Src/stepper.o
 .debug_line    0x00000000000040e4      0x868 ./Core/Src/stm32u5xx_hal_msp.o
 .debug_line    0x000000000000494c      0x92b ./Core/Src/stm32u5xx_it.o
 .debug_line    0x0000000000005277      0x961 ./Core/Src/system_stm32u5xx.o
 .debug_line    0x0000000000005bd8      0x995 ./Core/Src/tim.o
 .debug_line    0x000000000000656d      0xbc4 ./Core/Src/tmc2590.o
 .debug_line    0x0000000000007131      0xa3e ./Core/Src/usart.o
 .debug_line    0x0000000000007b6f       0x7b ./Core/Startup/startup_stm32u535retx.o
 .debug_line    0x0000000000007bea      0xc73 ./Drivers/STM32U5xx_HAL_Driver/Src/stm32u5xx_hal.o
 .debug_line    0x000000000000885d      0xe97 ./Drivers/STM32U5xx_HAL_Driver/Src/stm32u5xx_hal_cortex.o
 .debug_line    0x00000000000096f4      0xdd9 ./Drivers/STM32U5xx_HAL_Driver/Src/stm32u5xx_hal_gpio.o
 .debug_line    0x000000000000a4cd      0xb53 ./Drivers/STM32U5xx_HAL_Driver/Src/stm32u5xx_hal_icache.o
 .debug_line    0x000000000000b020     0x114c ./Drivers/STM32U5xx_HAL_Driver/Src/stm32u5xx_hal_pwr_ex.o
 .debug_line    0x000000000000c16c     0x15a7 ./Drivers/STM32U5xx_HAL_Driver/Src/stm32u5xx_hal_rcc.o
 .debug_line    0x000000000000d713     0x2260 ./Drivers/STM32U5xx_HAL_Driver/Src/stm32u5xx_hal_rcc_ex.o
 .debug_line    0x000000000000f973     0x227f ./Drivers/STM32U5xx_HAL_Driver/Src/stm32u5xx_hal_spi.o
 .debug_line    0x0000000000011bf2      0xa8b ./Drivers/STM32U5xx_HAL_Driver/Src/stm32u5xx_hal_spi_ex.o
 .debug_line    0x000000000001267d     0x45b5 ./Drivers/STM32U5xx_HAL_Driver/Src/stm32u5xx_hal_tim.o
 .debug_line    0x0000000000016c32     0x23b8 ./Drivers/STM32U5xx_HAL_Driver/Src/stm32u5xx_hal_tim_ex.o
 .debug_line    0x0000000000018fea     0x3ca2 ./Drivers/STM32U5xx_HAL_Driver/Src/stm32u5xx_hal_uart.o
 .debug_line    0x000000000001cc8c      0xfda ./Drivers/STM32U5xx_HAL_Driver/Src/stm32u5xx_hal_uart_ex.o

.debug_str      0x0000000000000000   0x126d48
 .debug_str     0x0000000000000000   0x11c864 ./Core/Src/constants.o
                                     0x11d37c (size before relaxing)
 .debug_str     0x000000000011c864      0x83e ./Core/Src/dyn2.o
                                     0x11dbaa (size before relaxing)
 .debug_str     0x000000000011d0a2      0x2ee ./Core/Src/gpio.o
                                     0x11cd53 (size before relaxing)
 .debug_str     0x000000000011d390       0x75 ./Core/Src/icache.o
                                     0x11cac7 (size before relaxing)
 .debug_str     0x000000000011d405      0x857 ./Core/Src/main.o
                                     0x11e01b (size before relaxing)
 .debug_str     0x000000000011dc5c      0x3f7 ./Core/Src/spi.o
                                     0x11d7d4 (size before relaxing)
 .debug_str     0x000000000011e053       0x4b ./Core/Src/stepper.o
                                     0x11da9a (size before relaxing)
 .debug_str     0x000000000011e09e       0x2c ./Core/Src/stm32u5xx_hal_msp.o
                                     0x11cc82 (size before relaxing)
 .debug_str     0x000000000011e0ca       0xc9 ./Core/Src/stm32u5xx_it.o
                                     0x11cacf (size before relaxing)
 .debug_str     0x000000000011e193      0x1c9 ./Core/Src/system_stm32u5xx.o
                                     0x11c9cd (size before relaxing)
 .debug_str     0x000000000011e35c      0x4da ./Core/Src/tim.o
                                     0x11d660 (size before relaxing)
 .debug_str     0x000000000011e836      0x21b ./Core/Src/tmc2590.o
                                     0x11e430 (size before relaxing)
 .debug_str     0x000000000011ea51       0xbc ./Core/Src/usart.o
                                     0x11d788 (size before relaxing)
 .debug_str     0x000000000011eb0d       0x34 ./Core/Startup/startup_stm32u535retx.o
                                         0x82 (size before relaxing)
 .debug_str     0x000000000011eb41      0xd3f ./Drivers/STM32U5xx_HAL_Driver/Src/stm32u5xx_hal.o
                                     0x11d698 (size before relaxing)
 .debug_str     0x000000000011f880      0x3bd ./Drivers/STM32U5xx_HAL_Driver/Src/stm32u5xx_hal_cortex.o
                                     0x11d520 (size before relaxing)
 .debug_str     0x000000000011fc3d      0x2da ./Drivers/STM32U5xx_HAL_Driver/Src/stm32u5xx_hal_gpio.o
                                     0x11c9f2 (size before relaxing)
 .debug_str     0x000000000011ff17      0x685 ./Drivers/STM32U5xx_HAL_Driver/Src/stm32u5xx_hal_icache.o
                                     0x11cd10 (size before relaxing)
 .debug_str     0x000000000012059c      0x79f ./Drivers/STM32U5xx_HAL_Driver/Src/stm32u5xx_hal_pwr_ex.o
                                     0x11d06d (size before relaxing)
 .debug_str     0x0000000000120d3b     0x12f6 ./Drivers/STM32U5xx_HAL_Driver/Src/stm32u5xx_hal_rcc.o
                                     0x11e032 (size before relaxing)
 .debug_str     0x0000000000122031     0x239c ./Drivers/STM32U5xx_HAL_Driver/Src/stm32u5xx_hal_rcc_ex.o
                                     0x11f110 (size before relaxing)
 .debug_str     0x00000000001243cd      0x565 ./Drivers/STM32U5xx_HAL_Driver/Src/stm32u5xx_hal_spi.o
                                     0x11d2a1 (size before relaxing)
 .debug_str     0x0000000000124932       0xee ./Drivers/STM32U5xx_HAL_Driver/Src/stm32u5xx_hal_spi_ex.o
                                     0x11ce31 (size before relaxing)
 .debug_str     0x0000000000124a20      0xe3f ./Drivers/STM32U5xx_HAL_Driver/Src/stm32u5xx_hal_tim.o
                                     0x11de10 (size before relaxing)
 .debug_str     0x000000000012585f      0x93d ./Drivers/STM32U5xx_HAL_Driver/Src/stm32u5xx_hal_tim_ex.o
                                     0x11da67 (size before relaxing)
 .debug_str     0x000000000012619c      0x8a0 ./Drivers/STM32U5xx_HAL_Driver/Src/stm32u5xx_hal_uart.o
                                     0x11d694 (size before relaxing)
 .debug_str     0x0000000000126a3c      0x30c ./Drivers/STM32U5xx_HAL_Driver/Src/stm32u5xx_hal_uart_ex.o
                                     0x11d146 (size before relaxing)

.debug_rnglists
                0x0000000000000000     0x10ac
 .debug_rnglists
                0x0000000000000000       0x4e ./Core/Src/dyn2.o
 .debug_rnglists
                0x000000000000004e       0x14 ./Core/Src/gpio.o
 .debug_rnglists
                0x0000000000000062       0x13 ./Core/Src/icache.o
 .debug_rnglists
                0x0000000000000075       0x21 ./Core/Src/main.o
 .debug_rnglists
                0x0000000000000096       0x21 ./Core/Src/spi.o
 .debug_rnglists
                0x00000000000000b7       0x13 ./Core/Src/stepper.o
 .debug_rnglists
                0x00000000000000ca       0x13 ./Core/Src/stm32u5xx_hal_msp.o
 .debug_rnglists
                0x00000000000000dd       0x43 ./Core/Src/stm32u5xx_it.o
 .debug_rnglists
                0x0000000000000120       0x1a ./Core/Src/system_stm32u5xx.o
 .debug_rnglists
                0x000000000000013a       0x39 ./Core/Src/tim.o
 .debug_rnglists
                0x0000000000000173       0x4d ./Core/Src/tmc2590.o
 .debug_rnglists
                0x00000000000001c0       0x30 ./Core/Src/usart.o
 .debug_rnglists
                0x00000000000001f0       0x19 ./Core/Startup/startup_stm32u535retx.o
 .debug_rnglists
                0x0000000000000209       0xe6 ./Drivers/STM32U5xx_HAL_Driver/Src/stm32u5xx_hal.o
 .debug_rnglists
                0x00000000000002ef       0xe0 ./Drivers/STM32U5xx_HAL_Driver/Src/stm32u5xx_hal_cortex.o
 .debug_rnglists
                0x00000000000003cf       0x5a ./Drivers/STM32U5xx_HAL_Driver/Src/stm32u5xx_hal_gpio.o
 .debug_rnglists
                0x0000000000000429       0x7a ./Drivers/STM32U5xx_HAL_Driver/Src/stm32u5xx_hal_icache.o
 .debug_rnglists
                0x00000000000004a3      0x16e ./Drivers/STM32U5xx_HAL_Driver/Src/stm32u5xx_hal_pwr_ex.o
 .debug_rnglists
                0x0000000000000611       0x7f ./Drivers/STM32U5xx_HAL_Driver/Src/stm32u5xx_hal_rcc.o
 .debug_rnglists
                0x0000000000000690      0x113 ./Drivers/STM32U5xx_HAL_Driver/Src/stm32u5xx_hal_rcc_ex.o
 .debug_rnglists
                0x00000000000007a3      0x148 ./Drivers/STM32U5xx_HAL_Driver/Src/stm32u5xx_hal_spi.o
 .debug_rnglists
                0x00000000000008eb       0x35 ./Drivers/STM32U5xx_HAL_Driver/Src/stm32u5xx_hal_spi_ex.o
 .debug_rnglists
                0x0000000000000920      0x32e ./Drivers/STM32U5xx_HAL_Driver/Src/stm32u5xx_hal_tim.o
 .debug_rnglists
                0x0000000000000c4e      0x1d6 ./Drivers/STM32U5xx_HAL_Driver/Src/stm32u5xx_hal_tim_ex.o
 .debug_rnglists
                0x0000000000000e24      0x1fc ./Drivers/STM32U5xx_HAL_Driver/Src/stm32u5xx_hal_uart.o
 .debug_rnglists
                0x0000000000001020       0x8c ./Drivers/STM32U5xx_HAL_Driver/Src/stm32u5xx_hal_uart_ex.o

.debug_frame    0x0000000000000000     0x5be0
 .debug_frame   0x0000000000000000      0x180 ./Core/Src/dyn2.o
 .debug_frame   0x0000000000000180       0x34 ./Core/Src/gpio.o
 .debug_frame   0x00000000000001b4       0x2c ./Core/Src/icache.o
 .debug_frame   0x00000000000001e0       0x70 ./Core/Src/main.o
 .debug_frame   0x0000000000000250       0x80 ./Core/Src/spi.o
 .debug_frame   0x00000000000002d0       0x34 ./Core/Src/stepper.o
 .debug_frame   0x0000000000000304       0x38 ./Core/Src/stm32u5xx_hal_msp.o
 .debug_frame   0x000000000000033c      0x104 ./Core/Src/stm32u5xx_it.o
 .debug_frame   0x0000000000000440       0x58 ./Core/Src/system_stm32u5xx.o
 .debug_frame   0x0000000000000498      0x11c ./Core/Src/tim.o
 .debug_frame   0x00000000000005b4      0x188 ./Core/Src/tmc2590.o
 .debug_frame   0x000000000000073c       0xb0 ./Core/Src/usart.o
 .debug_frame   0x00000000000007ec      0x4c0 ./Drivers/STM32U5xx_HAL_Driver/Src/stm32u5xx_hal.o
 .debug_frame   0x0000000000000cac      0x508 ./Drivers/STM32U5xx_HAL_Driver/Src/stm32u5xx_hal_cortex.o
 .debug_frame   0x00000000000011b4      0x1ec ./Drivers/STM32U5xx_HAL_Driver/Src/stm32u5xx_hal_gpio.o
 .debug_frame   0x00000000000013a0      0x29c ./Drivers/STM32U5xx_HAL_Driver/Src/stm32u5xx_hal_icache.o
 .debug_frame   0x000000000000163c      0x7cc ./Drivers/STM32U5xx_HAL_Driver/Src/stm32u5xx_hal_pwr_ex.o
 .debug_frame   0x0000000000001e08      0x28c ./Drivers/STM32U5xx_HAL_Driver/Src/stm32u5xx_hal_rcc.o
 .debug_frame   0x0000000000002094      0x5f0 ./Drivers/STM32U5xx_HAL_Driver/Src/stm32u5xx_hal_rcc_ex.o
 .debug_frame   0x0000000000002684      0x7ac ./Drivers/STM32U5xx_HAL_Driver/Src/stm32u5xx_hal_spi.o
 .debug_frame   0x0000000000002e30      0x100 ./Drivers/STM32U5xx_HAL_Driver/Src/stm32u5xx_hal_spi_ex.o
 .debug_frame   0x0000000000002f30     0x125c ./Drivers/STM32U5xx_HAL_Driver/Src/stm32u5xx_hal_tim.o
 .debug_frame   0x000000000000418c      0xac0 ./Drivers/STM32U5xx_HAL_Driver/Src/stm32u5xx_hal_tim_ex.o
 .debug_frame   0x0000000000004c4c      0xa8c ./Drivers/STM32U5xx_HAL_Driver/Src/stm32u5xx_hal_uart.o
 .debug_frame   0x00000000000056d8      0x310 ./Drivers/STM32U5xx_HAL_Driver/Src/stm32u5xx_hal_uart_ex.o
 .debug_frame   0x00000000000059e8       0x20 /Applications/STM32CubeIDE.app/Contents/Eclipse/plugins/com.st.stm32cube.ide.mcu.externaltools.gnu-tools-for-stm32.11.3.rel1.macos64_1.1.100.202310310803/tools/bin/../lib/gcc/arm-none-eabi/11.3.1/../../../../arm-none-eabi/lib/thumb/v8-m.main+fp/hard/libc_nano.a(libc_a-memset.o)
 .debug_frame   0x0000000000005a08       0x2c /Applications/STM32CubeIDE.app/Contents/Eclipse/plugins/com.st.stm32cube.ide.mcu.externaltools.gnu-tools-for-stm32.11.3.rel1.macos64_1.1.100.202310310803/tools/bin/../lib/gcc/arm-none-eabi/11.3.1/../../../../arm-none-eabi/lib/thumb/v8-m.main+fp/hard/libc_nano.a(libc_a-init.o)
 .debug_frame   0x0000000000005a34       0x28 /Applications/STM32CubeIDE.app/Contents/Eclipse/plugins/com.st.stm32cube.ide.mcu.externaltools.gnu-tools-for-stm32.11.3.rel1.macos64_1.1.100.202310310803/tools/bin/../lib/gcc/arm-none-eabi/11.3.1/../../../../arm-none-eabi/lib/thumb/v8-m.main+fp/hard/libc_nano.a(libc_a-memcpy-stub.o)
 .debug_frame   0x0000000000005a5c       0xac /Applications/STM32CubeIDE.app/Contents/Eclipse/plugins/com.st.stm32cube.ide.mcu.externaltools.gnu-tools-for-stm32.11.3.rel1.macos64_1.1.100.202310310803/tools/bin/../lib/gcc/arm-none-eabi/11.3.1/thumb/v8-m.main+fp/hard/libgcc.a(_arm_addsubdf3.o)
 .debug_frame   0x0000000000005b08       0x50 /Applications/STM32CubeIDE.app/Contents/Eclipse/plugins/com.st.stm32cube.ide.mcu.externaltools.gnu-tools-for-stm32.11.3.rel1.macos64_1.1.100.202310310803/tools/bin/../lib/gcc/arm-none-eabi/11.3.1/thumb/v8-m.main+fp/hard/libgcc.a(_arm_muldivdf3.o)
 .debug_frame   0x0000000000005b58       0x24 /Applications/STM32CubeIDE.app/Contents/Eclipse/plugins/com.st.stm32cube.ide.mcu.externaltools.gnu-tools-for-stm32.11.3.rel1.macos64_1.1.100.202310310803/tools/bin/../lib/gcc/arm-none-eabi/11.3.1/thumb/v8-m.main+fp/hard/libgcc.a(_arm_fixdfsi.o)
 .debug_frame   0x0000000000005b7c       0x2c /Applications/STM32CubeIDE.app/Contents/Eclipse/plugins/com.st.stm32cube.ide.mcu.externaltools.gnu-tools-for-stm32.11.3.rel1.macos64_1.1.100.202310310803/tools/bin/../lib/gcc/arm-none-eabi/11.3.1/thumb/v8-m.main+fp/hard/libgcc.a(_aeabi_uldivmod.o)
 .debug_frame   0x0000000000005ba8       0x38 /Applications/STM32CubeIDE.app/Contents/Eclipse/plugins/com.st.stm32cube.ide.mcu.externaltools.gnu-tools-for-stm32.11.3.rel1.macos64_1.1.100.202310310803/tools/bin/../lib/gcc/arm-none-eabi/11.3.1/thumb/v8-m.main+fp/hard/libgcc.a(_udivmoddi4.o)

.debug_line_str
                0x0000000000000000       0x76
 .debug_line_str
                0x0000000000000000       0x76 ./Core/Startup/startup_stm32u535retx.o
                                         0x8e (size before relaxing)
